<?xml version="1.0"?>
<link_info>
   <banner>TMS320C55x Linker PC v4.4.1</banner>
   <copyright>Copyright (c) 1996-2012 Texas Instruments Incorporated</copyright>
   <link_time>0x627a5d06</link_time>
   <output_file>Final Prj.out</output_file>
   <entry_point>
      <name>_c_int00</name>
      <address>0x2b97</address>
   </entry_point>
   <input_file_list>
      <input_file id="fl-2">
         <path>.\</path>
         <kind>object</kind>
         <file>aic23.obj</file>
         <name>aic23.obj</name>
      </input_file>
      <input_file id="fl-3">
         <path>.\</path>
         <kind>object</kind>
         <file>i2c.obj</file>
         <name>i2c.obj</name>
      </input_file>
      <input_file id="fl-4">
         <path>.\</path>
         <kind>object</kind>
         <file>key.obj</file>
         <name>key.obj</name>
      </input_file>
      <input_file id="fl-5">
         <path>.\</path>
         <kind>object</kind>
         <file>main.obj</file>
         <name>main.obj</name>
      </input_file>
      <input_file id="fl-6">
         <path>.\</path>
         <kind>object</kind>
         <file>sdram_init.obj</file>
         <name>sdram_init.obj</name>
      </input_file>
      <input_file id="fl-7">
         <path>.\</path>
         <kind>object</kind>
         <file>util.obj</file>
         <name>util.obj</name>
      </input_file>
      <input_file id="fl-8">
         <path>.\</path>
         <kind>object</kind>
         <file>vectors.obj</file>
         <name>vectors.obj</name>
      </input_file>
      <input_file id="fl-9">
         <path>.\55x_src\</path>
         <kind>object</kind>
         <file>abias.obj</file>
         <name>abias.obj</name>
      </input_file>
      <input_file id="fl-a">
         <path>.\55x_src\</path>
         <kind>object</kind>
         <file>add.obj</file>
         <name>add.obj</name>
      </input_file>
      <input_file id="fl-b">
         <path>.\55x_src\</path>
         <kind>object</kind>
         <file>araw.obj</file>
         <name>araw.obj</name>
      </input_file>
      <input_file id="fl-c">
         <path>.\55x_src\</path>
         <kind>object</kind>
         <file>arct2.obj</file>
         <name>arct2.obj</name>
      </input_file>
      <input_file id="fl-d">
         <path>.\55x_src\</path>
         <kind>object</kind>
         <file>atan16.obj</file>
         <name>atan16.obj</name>
      </input_file>
      <input_file id="fl-e">
         <path>.\55x_src\</path>
         <kind>object</kind>
         <file>aubias.obj</file>
         <name>aubias.obj</name>
      </input_file>
      <input_file id="fl-f">
         <path>.\55x_src\</path>
         <kind>object</kind>
         <file>bexp.obj</file>
         <name>bexp.obj</name>
      </input_file>
      <input_file id="fl-10">
         <path>.\55x_src\</path>
         <kind>object</kind>
         <file>cbias.obj</file>
         <name>cbias.obj</name>
      </input_file>
      <input_file id="fl-11">
         <path>.\55x_src\</path>
         <kind>object</kind>
         <file>cbrev.obj</file>
         <name>cbrev.obj</name>
      </input_file>
      <input_file id="fl-12">
         <path>.\55x_src\</path>
         <kind>object</kind>
         <file>cbrev32.obj</file>
         <name>cbrev32.obj</name>
      </input_file>
      <input_file id="fl-13">
         <path>.\55x_src\</path>
         <kind>object</kind>
         <file>cfft32_noscale.obj</file>
         <name>cfft32_noscale.obj</name>
      </input_file>
      <input_file id="fl-14">
         <path>.\55x_src\</path>
         <kind>object</kind>
         <file>cfft32_scale.obj</file>
         <name>cfft32_scale.obj</name>
      </input_file>
      <input_file id="fl-15">
         <path>.\55x_src\</path>
         <kind>object</kind>
         <file>cfft_noscale.obj</file>
         <name>cfft_noscale.obj</name>
      </input_file>
      <input_file id="fl-16">
         <path>.\55x_src\</path>
         <kind>object</kind>
         <file>cfft_scale.obj</file>
         <name>cfft_scale.obj</name>
      </input_file>
      <input_file id="fl-17">
         <path>.\55x_src\</path>
         <kind>object</kind>
         <file>ldiv16.obj</file>
         <name>ldiv16.obj</name>
      </input_file>
      <input_file id="fl-18">
         <path>.\55x_src\</path>
         <kind>object</kind>
         <file>log_10.obj</file>
         <name>log_10.obj</name>
      </input_file>
      <input_file id="fl-19">
         <path>.\55x_src\</path>
         <kind>object</kind>
         <file>log_2.obj</file>
         <name>log_2.obj</name>
      </input_file>
      <input_file id="fl-1a">
         <path>.\55x_src\</path>
         <kind>object</kind>
         <file>logn.obj</file>
         <name>logn.obj</name>
      </input_file>
      <input_file id="fl-1b">
         <path>.\55x_src\</path>
         <kind>object</kind>
         <file>sqrtv.obj</file>
         <name>sqrtv.obj</name>
      </input_file>
      <input_file id="fl-1c">
         <path>.\55x_src\</path>
         <kind>object</kind>
         <file>sub.obj</file>
         <name>sub.obj</name>
      </input_file>
      <input_file id="fl-1d">
         <path>.\55x_src\</path>
         <kind>object</kind>
         <file>unpack.obj</file>
         <name>unpack.obj</name>
      </input_file>
      <input_file id="fl-1e">
         <path>.\55x_src\</path>
         <kind>object</kind>
         <file>unpack32.obj</file>
         <name>unpack32.obj</name>
      </input_file>
      <input_file id="fl-1f">
         <path>.\55x_src\</path>
         <kind>object</kind>
         <file>unpacki.obj</file>
         <name>unpacki.obj</name>
      </input_file>
      <input_file id="fl-20">
         <path>.\55x_src\</path>
         <kind>object</kind>
         <file>unpacki32.obj</file>
         <name>unpacki32.obj</name>
      </input_file>
      <input_file id="fl-21">
         <path>.\twiddle\</path>
         <kind>object</kind>
         <file>twiddle.obj</file>
         <name>twiddle.obj</name>
      </input_file>
      <input_file id="fl-2a">
         <path>D:\ti\ccs1110\ccs\tools\compiler\c5500_4.4.1\lib\</path>
         <kind>archive</kind>
         <file>rts55x.lib</file>
         <name>boot.obj</name>
      </input_file>
      <input_file id="fl-2b">
         <path>D:\ti\ccs1110\ccs\tools\compiler\c5500_4.4.1\lib\</path>
         <kind>archive</kind>
         <file>rts55x.lib</file>
         <name>exit.obj</name>
      </input_file>
      <input_file id="fl-2c">
         <path>D:\ti\ccs1110\ccs\tools\compiler\c5500_4.4.1\lib\</path>
         <kind>archive</kind>
         <file>rts55x.lib</file>
         <name>extaddr.obj</name>
      </input_file>
      <input_file id="fl-2d">
         <path>D:\ti\ccs1110\ccs\tools\compiler\c5500_4.4.1\lib\</path>
         <kind>archive</kind>
         <file>rts55x.lib</file>
         <name>fixdli.obj</name>
      </input_file>
      <input_file id="fl-2e">
         <path>D:\ti\ccs1110\ccs\tools\compiler\c5500_4.4.1\lib\</path>
         <kind>archive</kind>
         <file>rts55x.lib</file>
         <name>fltlid.obj</name>
      </input_file>
      <input_file id="fl-2f">
         <path>D:\ti\ccs1110\ccs\tools\compiler\c5500_4.4.1\lib\</path>
         <kind>archive</kind>
         <file>rts55x.lib</file>
         <name>idiv.obj</name>
      </input_file>
      <input_file id="fl-30">
         <path>D:\ti\ccs1110\ccs\tools\compiler\c5500_4.4.1\lib\</path>
         <kind>archive</kind>
         <file>rts55x.lib</file>
         <name>sqrt.obj</name>
      </input_file>
      <input_file id="fl-31">
         <path>D:\ti\ccs1110\ccs\tools\compiler\c5500_4.4.1\lib\</path>
         <kind>archive</kind>
         <file>rts55x.lib</file>
         <name>subd.obj</name>
      </input_file>
      <input_file id="fl-32">
         <path>D:\ti\ccs1110\ccs\tools\compiler\c5500_4.4.1\lib\</path>
         <kind>archive</kind>
         <file>rts55x.lib</file>
         <name>vectors.obj</name>
      </input_file>
      <input_file id="fl-33">
         <path>D:\ti\ccs1110\ccs\tools\compiler\c5500_4.4.1\lib\</path>
         <kind>archive</kind>
         <file>rts55x.lib</file>
         <name>_lock.obj</name>
      </input_file>
      <input_file id="fl-34">
         <path>D:\ti\ccs1110\ccs\tools\compiler\c5500_4.4.1\lib\</path>
         <kind>archive</kind>
         <file>rts55x.lib</file>
         <name>addd.obj</name>
      </input_file>
      <input_file id="fl-35">
         <path>D:\ti\ccs1110\ccs\tools\compiler\c5500_4.4.1\lib\</path>
         <kind>archive</kind>
         <file>rts55x.lib</file>
         <name>args_main.obj</name>
      </input_file>
      <input_file id="fl-36">
         <path>D:\ti\ccs1110\ccs\tools\compiler\c5500_4.4.1\lib\</path>
         <kind>archive</kind>
         <file>rts55x.lib</file>
         <name>autoinit.obj</name>
      </input_file>
      <input_file id="fl-37">
         <path>D:\ti\ccs1110\ccs\tools\compiler\c5500_4.4.1\lib\</path>
         <kind>archive</kind>
         <file>rts55x.lib</file>
         <name>cmpd.obj</name>
      </input_file>
      <input_file id="fl-38">
         <path>D:\ti\ccs1110\ccs\tools\compiler\c5500_4.4.1\lib\</path>
         <kind>archive</kind>
         <file>rts55x.lib</file>
         <name>errno.obj</name>
      </input_file>
      <input_file id="fl-39">
         <path>D:\ti\ccs1110\ccs\tools\compiler\c5500_4.4.1\lib\</path>
         <kind>archive</kind>
         <file>rts55x.lib</file>
         <name>frexp.obj</name>
      </input_file>
      <input_file id="fl-3a">
         <path>D:\ti\ccs1110\ccs\tools\compiler\c5500_4.4.1\lib\</path>
         <kind>archive</kind>
         <file>rts55x.lib</file>
         <name>ldexp.obj</name>
      </input_file>
      <input_file id="fl-3b">
         <path>D:\ti\ccs1110\ccs\tools\compiler\c5500_4.4.1\lib\</path>
         <kind>archive</kind>
         <file>rts55x.lib</file>
         <name>mpyd.obj</name>
      </input_file>
      <input_file id="fl-3c">
         <path>D:\ti\ccs1110\ccs\tools\compiler\c5500_4.4.1\lib\</path>
         <kind>archive</kind>
         <file>rts55x.lib</file>
         <name>frcmpyd.obj</name>
      </input_file>
      <input_file id="fl-3d">
         <path>C:\Users\WLX\Desktop\Final Prj\lib\</path>
         <kind>archive</kind>
         <file>55xdspx.lib</file>
         <name>twiddle32.obj</name>
      </input_file>
   </input_file_list>
   <object_component_list>
      <object_component id="oc-23">
         <name>.text</name>
         <load_address>0x100</load_address>
         <run_address>0x100</run_address>
         <size>0x390</size>
         <input_file_ref idref="fl-4"/>
      </object_component>
      <object_component id="oc-d8">
         <name>.text</name>
         <load_address>0x490</load_address>
         <run_address>0x490</run_address>
         <size>0x25a</size>
         <input_file_ref idref="fl-34"/>
      </object_component>
      <object_component id="oc-36">
         <name>.text</name>
         <load_address>0x6ea</load_address>
         <run_address>0x6ea</run_address>
         <size>0x256</size>
         <input_file_ref idref="fl-7"/>
      </object_component>
      <object_component id="oc-17">
         <name>.text</name>
         <load_address>0x940</load_address>
         <run_address>0x940</run_address>
         <size>0x234</size>
         <input_file_ref idref="fl-2"/>
      </object_component>
      <object_component id="oc-70">
         <name>.text</name>
         <load_address>0xb74</load_address>
         <run_address>0xb74</run_address>
         <size>0x1f8</size>
         <input_file_ref idref="fl-14"/>
      </object_component>
      <object_component id="oc-79">
         <name>.text</name>
         <load_address>0xd6c</load_address>
         <run_address>0xd6c</run_address>
         <size>0x1ee</size>
         <input_file_ref idref="fl-16"/>
      </object_component>
      <object_component id="oc-e4">
         <name>.text</name>
         <load_address>0xf5a</load_address>
         <run_address>0xf5a</run_address>
         <size>0x1ea</size>
         <input_file_ref idref="fl-37"/>
      </object_component>
      <object_component id="oc-5f">
         <name>.text</name>
         <load_address>0x1144</load_address>
         <run_address>0x1144</run_address>
         <size>0x16f</size>
         <input_file_ref idref="fl-10"/>
      </object_component>
      <object_component id="oc-74">
         <name>.text</name>
         <load_address>0x12b3</load_address>
         <run_address>0x12b3</run_address>
         <size>0x167</size>
         <input_file_ref idref="fl-15"/>
      </object_component>
      <object_component id="oc-6b">
         <name>.text</name>
         <load_address>0x141a</load_address>
         <run_address>0x141a</run_address>
         <size>0x151</size>
         <input_file_ref idref="fl-13"/>
      </object_component>
      <object_component id="oc-2b">
         <name>.text</name>
         <load_address>0x156b</load_address>
         <run_address>0x156b</run_address>
         <size>0x150</size>
         <input_file_ref idref="fl-5"/>
      </object_component>
      <object_component id="oc-f6">
         <name>.text</name>
         <load_address>0x16bb</load_address>
         <run_address>0x16bb</run_address>
         <size>0x14c</size>
         <input_file_ref idref="fl-3b"/>
      </object_component>
      <object_component id="oc-1e">
         <name>.text</name>
         <load_address>0x1807</load_address>
         <run_address>0x1807</run_address>
         <size>0x148</size>
         <input_file_ref idref="fl-3"/>
      </object_component>
      <object_component id="oc-57">
         <name>.text</name>
         <load_address>0x194f</load_address>
         <run_address>0x194f</run_address>
         <size>0x142</size>
         <input_file_ref idref="fl-e"/>
      </object_component>
      <object_component id="oc-a3">
         <name>.text:unpacki32</name>
         <load_address>0x1a91</load_address>
         <run_address>0x1a91</run_address>
         <size>0x127</size>
         <input_file_ref idref="fl-20"/>
      </object_component>
      <object_component id="oc-9b">
         <name>.text:unpack32</name>
         <load_address>0x1bb8</load_address>
         <run_address>0x1bb8</run_address>
         <size>0x125</size>
         <input_file_ref idref="fl-1e"/>
      </object_component>
      <object_component id="oc-27">
         <name>.text:retain</name>
         <load_address>0x1cdd</load_address>
         <run_address>0x1cdd</run_address>
         <size>0x117</size>
         <input_file_ref idref="fl-4"/>
      </object_component>
      <object_component id="oc-c4">
         <name>.text</name>
         <load_address>0x1df4</load_address>
         <run_address>0x1df4</run_address>
         <size>0x116</size>
         <input_file_ref idref="fl-30"/>
      </object_component>
      <object_component id="oc-41">
         <name>.text</name>
         <load_address>0x1f0a</load_address>
         <run_address>0x1f0a</run_address>
         <size>0x109</size>
         <input_file_ref idref="fl-9"/>
      </object_component>
      <object_component id="oc-f1">
         <name>.text</name>
         <load_address>0x2013</load_address>
         <run_address>0x2013</run_address>
         <size>0xf2</size>
         <input_file_ref idref="fl-3a"/>
      </object_component>
      <object_component id="oc-63">
         <name>.text:cbrev</name>
         <load_address>0x2105</load_address>
         <run_address>0x2105</run_address>
         <size>0xde</size>
         <input_file_ref idref="fl-11"/>
      </object_component>
      <object_component id="oc-ec">
         <name>.text</name>
         <load_address>0x21e3</load_address>
         <run_address>0x21e3</run_address>
         <size>0xcc</size>
         <input_file_ref idref="fl-39"/>
      </object_component>
      <object_component id="oc-49">
         <name>.text</name>
         <load_address>0x22af</load_address>
         <run_address>0x22af</run_address>
         <size>0xc1</size>
         <input_file_ref idref="fl-b"/>
      </object_component>
      <object_component id="oc-b3">
         <name>.text</name>
         <load_address>0x2370</load_address>
         <run_address>0x2370</run_address>
         <size>0xb9</size>
         <input_file_ref idref="fl-2c"/>
      </object_component>
      <object_component id="oc-7e">
         <name>.text</name>
         <load_address>0x2429</load_address>
         <run_address>0x2429</run_address>
         <size>0xb0</size>
         <input_file_ref idref="fl-17"/>
      </object_component>
      <object_component id="oc-86">
         <name>.text</name>
         <load_address>0x24d9</load_address>
         <run_address>0x24d9</run_address>
         <size>0xac</size>
         <input_file_ref idref="fl-19"/>
      </object_component>
      <object_component id="oc-4d">
         <name>.text</name>
         <load_address>0x2585</load_address>
         <run_address>0x2585</run_address>
         <size>0xa9</size>
         <input_file_ref idref="fl-c"/>
      </object_component>
      <object_component id="oc-82">
         <name>.text</name>
         <load_address>0x262e</load_address>
         <run_address>0x262e</run_address>
         <size>0xa8</size>
         <input_file_ref idref="fl-18"/>
      </object_component>
      <object_component id="oc-8a">
         <name>.text</name>
         <load_address>0x26d6</load_address>
         <run_address>0x26d6</run_address>
         <size>0x8c</size>
         <input_file_ref idref="fl-1a"/>
      </object_component>
      <object_component id="oc-31">
         <name>.text</name>
         <load_address>0x2762</load_address>
         <run_address>0x2762</run_address>
         <size>0x79</size>
         <input_file_ref idref="fl-6"/>
      </object_component>
      <object_component id="oc-fa">
         <name>.text</name>
         <load_address>0x27db</load_address>
         <run_address>0x27db</run_address>
         <size>0x76</size>
         <input_file_ref idref="fl-3c"/>
      </object_component>
      <object_component id="oc-67">
         <name>.text</name>
         <load_address>0x2851</load_address>
         <run_address>0x2851</run_address>
         <size>0x75</size>
         <input_file_ref idref="fl-12"/>
      </object_component>
      <object_component id="oc-b7">
         <name>.text</name>
         <load_address>0x28c6</load_address>
         <run_address>0x28c6</run_address>
         <size>0x6f</size>
         <input_file_ref idref="fl-2d"/>
      </object_component>
      <object_component id="oc-bb">
         <name>.text</name>
         <load_address>0x2935</load_address>
         <run_address>0x2935</run_address>
         <size>0x67</size>
         <input_file_ref idref="fl-2e"/>
      </object_component>
      <object_component id="oc-8e">
         <name>.text</name>
         <load_address>0x299c</load_address>
         <run_address>0x299c</run_address>
         <size>0x5f</size>
         <input_file_ref idref="fl-1b"/>
      </object_component>
      <object_component id="oc-e0">
         <name>.text</name>
         <load_address>0x29fb</load_address>
         <run_address>0x29fb</run_address>
         <size>0x4d</size>
         <input_file_ref idref="fl-36"/>
      </object_component>
      <object_component id="oc-dc">
         <name>.text</name>
         <load_address>0x2a48</load_address>
         <run_address>0x2a48</run_address>
         <size>0x4b</size>
         <input_file_ref idref="fl-35"/>
      </object_component>
      <object_component id="oc-45">
         <name>.text</name>
         <load_address>0x2a93</load_address>
         <run_address>0x2a93</run_address>
         <size>0x45</size>
         <input_file_ref idref="fl-a"/>
      </object_component>
      <object_component id="oc-93">
         <name>.text</name>
         <load_address>0x2ad8</load_address>
         <run_address>0x2ad8</run_address>
         <size>0x45</size>
         <input_file_ref idref="fl-1c"/>
      </object_component>
      <object_component id="oc-ac">
         <name>.text</name>
         <load_address>0x2b1d</load_address>
         <run_address>0x2b1d</run_address>
         <size>0x3e</size>
         <input_file_ref idref="fl-2b"/>
      </object_component>
      <object_component id="oc-c0">
         <name>.text</name>
         <load_address>0x2b5b</load_address>
         <run_address>0x2b5b</run_address>
         <size>0x3c</size>
         <input_file_ref idref="fl-2f"/>
      </object_component>
      <object_component id="oc-16">
         <name>.text</name>
         <load_address>0x2b97</load_address>
         <run_address>0x2b97</run_address>
         <size>0x34</size>
         <input_file_ref idref="fl-2a"/>
      </object_component>
      <object_component id="oc-52">
         <name>.text</name>
         <load_address>0x2bcb</load_address>
         <run_address>0x2bcb</run_address>
         <size>0x2b</size>
         <input_file_ref idref="fl-d"/>
      </object_component>
      <object_component id="oc-5b">
         <name>.text</name>
         <load_address>0x2bf6</load_address>
         <run_address>0x2bf6</run_address>
         <size>0x2b</size>
         <input_file_ref idref="fl-f"/>
      </object_component>
      <object_component id="oc-c9">
         <name>.text</name>
         <load_address>0x2c21</load_address>
         <run_address>0x2c21</run_address>
         <size>0x14</size>
         <input_file_ref idref="fl-31"/>
      </object_component>
      <object_component id="oc-d2">
         <name>.text</name>
         <load_address>0x2c35</load_address>
         <run_address>0x2c35</run_address>
         <size>0x12</size>
         <input_file_ref idref="fl-33"/>
      </object_component>
      <object_component id="oc-b0">
         <name>.text:CIO_breakpoint</name>
         <load_address>0x2c47</load_address>
         <run_address>0x2c47</run_address>
         <size>0x7</size>
         <input_file_ref idref="fl-2b"/>
      </object_component>
      <object_component id="oc-cd">
         <name>.text</name>
         <load_address>0x2c4e</load_address>
         <run_address>0x2c4e</run_address>
         <size>0x2</size>
         <input_file_ref idref="fl-32"/>
      </object_component>
      <object_component id="oc-3c">
         <name>.text</name>
         <load_address>0x2c50</load_address>
         <run_address>0x2c50</run_address>
         <size>0x2</size>
         <input_file_ref idref="fl-8"/>
      </object_component>
      <object_component id="oc-3d">
         <name>.vectors</name>
         <load_address>0x8000</load_address>
         <run_address>0x8000</run_address>
         <size>0x100</size>
         <input_file_ref idref="fl-8"/>
      </object_component>
      <object_component id="oc-26">
         <name>.cinit</name>
         <load_address>0x303c</load_address>
         <run_address>0x303c</run_address>
         <size>0x1aa</size>
         <input_file_ref idref="fl-4"/>
      </object_component>
      <object_component id="oc-d5">
         <name>.cinit</name>
         <load_address>0x31e6</load_address>
         <run_address>0x31e6</run_address>
         <size>0x14</size>
         <input_file_ref idref="fl-33"/>
      </object_component>
      <object_component id="oc-af">
         <name>.cinit</name>
         <load_address>0x31fa</load_address>
         <run_address>0x31fa</run_address>
         <size>0x14</size>
         <input_file_ref idref="fl-2b"/>
      </object_component>
      <object_component id="oc-1a">
         <name>.cinit</name>
         <load_address>0x320e</load_address>
         <run_address>0x320e</run_address>
         <size>0x8</size>
         <input_file_ref idref="fl-2"/>
      </object_component>
      <object_component id="oc-ea">
         <name>.cinit</name>
         <load_address>0x3216</load_address>
         <run_address>0x3216</run_address>
         <size>0x8</size>
         <input_file_ref idref="fl-38"/>
      </object_component>
      <object_component id="oc-fe">
         <name>.data:twiddle32</name>
         <load_address>0x8200</load_address>
         <run_address>0x8200</run_address>
         <size>0x2000</size>
         <input_file_ref idref="fl-3d"/>
      </object_component>
      <object_component id="oc-a7">
         <name>.data:twiddle</name>
         <load_address>0xa200</load_address>
         <run_address>0xa200</run_address>
         <size>0x800</size>
         <input_file_ref idref="fl-21"/>
      </object_component>
      <object_component id="oc-8f">
         <name>.data</name>
         <load_address>0xaa00</load_address>
         <run_address>0xaa00</run_address>
         <size>0x20</size>
         <input_file_ref idref="fl-1b"/>
      </object_component>
      <object_component id="oc-4e">
         <name>.data</name>
         <load_address>0xaa20</load_address>
         <run_address>0xaa20</run_address>
         <size>0xa</size>
         <input_file_ref idref="fl-c"/>
      </object_component>
      <object_component id="oc-53">
         <name>.data</name>
         <load_address>0xaa2a</load_address>
         <run_address>0xaa2a</run_address>
         <size>0x6</size>
         <input_file_ref idref="fl-d"/>
      </object_component>
      <object_component id="oc-97">
         <name>.fftcode</name>
         <load_address>0xb022</load_address>
         <run_address>0xb022</run_address>
         <size>0xb4</size>
         <input_file_ref idref="fl-1d"/>
      </object_component>
      <object_component id="oc-9f">
         <name>.fftcode</name>
         <load_address>0xb0d6</load_address>
         <run_address>0xb0d6</run_address>
         <size>0xb2</size>
         <input_file_ref idref="fl-1f"/>
      </object_component>
      <object_component id="oc-18">
         <name>.bss</name>
         <uninitialized>true</uninitialized>
         <run_address>0xaa30</run_address>
         <size>0x214</size>
         <input_file_ref idref="fl-2"/>
      </object_component>
      <object_component id="oc-24">
         <name>.bss</name>
         <uninitialized>true</uninitialized>
         <run_address>0xae46</run_address>
         <size>0x1aa</size>
         <input_file_ref idref="fl-4"/>
      </object_component>
      <object_component id="oc-2c">
         <name>.bss</name>
         <uninitialized>true</uninitialized>
         <run_address>0xac44</run_address>
         <size>0x202</size>
         <input_file_ref idref="fl-5"/>
      </object_component>
      <object_component id="oc-37">
         <name>.bss</name>
         <uninitialized>true</uninitialized>
         <run_address>0xaff0</run_address>
         <size>0xc</size>
         <input_file_ref idref="fl-7"/>
      </object_component>
      <object_component id="oc-6c">
         <name>.bss</name>
         <uninitialized>true</uninitialized>
         <run_address>0xb01c</run_address>
         <size>0x4</size>
         <input_file_ref idref="fl-13"/>
      </object_component>
      <object_component id="oc-75">
         <name>.bss</name>
         <uninitialized>true</uninitialized>
         <run_address>0xaffc</run_address>
         <size>0x8</size>
         <input_file_ref idref="fl-15"/>
      </object_component>
      <object_component id="oc-7a">
         <name>.bss</name>
         <uninitialized>true</uninitialized>
         <run_address>0xb004</run_address>
         <size>0x8</size>
         <input_file_ref idref="fl-16"/>
      </object_component>
      <object_component id="oc-ad">
         <name>.bss</name>
         <uninitialized>true</uninitialized>
         <run_address>0xb014</run_address>
         <size>0x8</size>
         <input_file_ref idref="fl-2b"/>
      </object_component>
      <object_component id="oc-d3">
         <name>.bss</name>
         <uninitialized>true</uninitialized>
         <run_address>0xb00c</run_address>
         <size>0x8</size>
         <input_file_ref idref="fl-33"/>
      </object_component>
      <object_component id="oc-e8">
         <name>.bss</name>
         <uninitialized>true</uninitialized>
         <run_address>0xb020</run_address>
         <size>0x2</size>
         <input_file_ref idref="fl-38"/>
      </object_component>
      <object_component id="oc-f3">
         <name>.const</name>
         <load_address>0x3220</load_address>
         <run_address>0x3220</run_address>
         <size>0x14</size>
         <input_file_ref idref="fl-3a"/>
      </object_component>
      <object_component id="oc-c6">
         <name>.const</name>
         <load_address>0x3234</load_address>
         <run_address>0x3234</run_address>
         <size>0x14</size>
         <input_file_ref idref="fl-30"/>
      </object_component>
      <object_component id="oc-ee">
         <name>.const</name>
         <load_address>0x3248</load_address>
         <run_address>0x3248</run_address>
         <size>0x10</size>
         <input_file_ref idref="fl-39"/>
      </object_component>
      <object_component id="oc-bd">
         <name>.const</name>
         <load_address>0x3258</load_address>
         <run_address>0x3258</run_address>
         <size>0x4</size>
         <input_file_ref idref="fl-2e"/>
      </object_component>
      <object_component id="oc-100">
         <name>.switch:_ConvertScanToChar</name>
         <load_address>0x325c</load_address>
         <run_address>0x325c</run_address>
         <size>0x24</size>
         <input_file_ref idref="fl-4"/>
      </object_component>
      <object_component id="oc-ff">
         <name>.sysstack</name>
         <uninitialized>true</uninitialized>
         <run_address>0x2e48</run_address>
         <size>0x0</size>
         <input_file_ref idref="fl-2a"/>
      </object_component>
      <object_component id="oc-121">
         <name>.sysstack</name>
         <uninitialized>true</uninitialized>
         <run_address>0x2e48</run_address>
         <size>0x0</size>
      </object_component>
      <object_component id="oc-a8">
         <name>.stack</name>
         <uninitialized>true</uninitialized>
         <run_address>0x2c54</run_address>
         <size>0x0</size>
         <input_file_ref idref="fl-2a"/>
      </object_component>
      <object_component id="oc-120">
         <name>.stack</name>
         <uninitialized>true</uninitialized>
         <run_address>0x2c54</run_address>
         <size>0x0</size>
      </object_component>
      <object_component id="oc-19">
         <name>.debug_info</name>
         <load_address>0x0</load_address>
         <run_address>0x0</run_address>
         <size>0xd70</size>
         <input_file_ref idref="fl-2"/>
      </object_component>
      <object_component id="oc-1f">
         <name>.debug_info</name>
         <load_address>0xd70</load_address>
         <run_address>0xd70</run_address>
         <size>0xa98</size>
         <input_file_ref idref="fl-3"/>
      </object_component>
      <object_component id="oc-25">
         <name>.debug_info</name>
         <load_address>0x1808</load_address>
         <run_address>0x1808</run_address>
         <size>0x121b</size>
         <input_file_ref idref="fl-4"/>
      </object_component>
      <object_component id="oc-2d">
         <name>.debug_info</name>
         <load_address>0x2a23</load_address>
         <run_address>0x2a23</run_address>
         <size>0x93d</size>
         <input_file_ref idref="fl-5"/>
      </object_component>
      <object_component id="oc-32">
         <name>.debug_info</name>
         <load_address>0x3360</load_address>
         <run_address>0x3360</run_address>
         <size>0x5a8</size>
         <input_file_ref idref="fl-6"/>
      </object_component>
      <object_component id="oc-38">
         <name>.debug_info</name>
         <load_address>0x3908</load_address>
         <run_address>0x3908</run_address>
         <size>0xd49</size>
         <input_file_ref idref="fl-7"/>
      </object_component>
      <object_component id="oc-3e">
         <name>.debug_info</name>
         <load_address>0x4651</load_address>
         <run_address>0x4651</run_address>
         <size>0xc1</size>
         <input_file_ref idref="fl-8"/>
      </object_component>
      <object_component id="oc-42">
         <name>.debug_info</name>
         <load_address>0x4712</load_address>
         <run_address>0x4712</run_address>
         <size>0xd4</size>
         <input_file_ref idref="fl-9"/>
      </object_component>
      <object_component id="oc-46">
         <name>.debug_info</name>
         <load_address>0x47e6</load_address>
         <run_address>0x47e6</run_address>
         <size>0xd0</size>
         <input_file_ref idref="fl-a"/>
      </object_component>
      <object_component id="oc-4a">
         <name>.debug_info</name>
         <load_address>0x48b6</load_address>
         <run_address>0x48b6</run_address>
         <size>0xd2</size>
         <input_file_ref idref="fl-b"/>
      </object_component>
      <object_component id="oc-4f">
         <name>.debug_info</name>
         <load_address>0x4988</load_address>
         <run_address>0x4988</run_address>
         <size>0xf2</size>
         <input_file_ref idref="fl-c"/>
      </object_component>
      <object_component id="oc-54">
         <name>.debug_info</name>
         <load_address>0x4a7a</load_address>
         <run_address>0x4a7a</run_address>
         <size>0xd5</size>
         <input_file_ref idref="fl-d"/>
      </object_component>
      <object_component id="oc-58">
         <name>.debug_info</name>
         <load_address>0x4b4f</load_address>
         <run_address>0x4b4f</run_address>
         <size>0xd6</size>
         <input_file_ref idref="fl-e"/>
      </object_component>
      <object_component id="oc-5c">
         <name>.debug_info</name>
         <load_address>0x4c25</load_address>
         <run_address>0x4c25</run_address>
         <size>0xd1</size>
         <input_file_ref idref="fl-f"/>
      </object_component>
      <object_component id="oc-60">
         <name>.debug_info</name>
         <load_address>0x4cf6</load_address>
         <run_address>0x4cf6</run_address>
         <size>0xd4</size>
         <input_file_ref idref="fl-10"/>
      </object_component>
      <object_component id="oc-64">
         <name>.debug_info</name>
         <load_address>0x4dca</load_address>
         <run_address>0x4dca</run_address>
         <size>0xd4</size>
         <input_file_ref idref="fl-11"/>
      </object_component>
      <object_component id="oc-68">
         <name>.debug_info</name>
         <load_address>0x4e9e</load_address>
         <run_address>0x4e9e</run_address>
         <size>0xd8</size>
         <input_file_ref idref="fl-12"/>
      </object_component>
      <object_component id="oc-6d">
         <name>.debug_info</name>
         <load_address>0x4f76</load_address>
         <run_address>0x4f76</run_address>
         <size>0xe6</size>
         <input_file_ref idref="fl-13"/>
      </object_component>
      <object_component id="oc-71">
         <name>.debug_info</name>
         <load_address>0x505c</load_address>
         <run_address>0x505c</run_address>
         <size>0xe2</size>
         <input_file_ref idref="fl-14"/>
      </object_component>
      <object_component id="oc-76">
         <name>.debug_info</name>
         <load_address>0x513e</load_address>
         <run_address>0x513e</run_address>
         <size>0xe2</size>
         <input_file_ref idref="fl-15"/>
      </object_component>
      <object_component id="oc-7b">
         <name>.debug_info</name>
         <load_address>0x5220</load_address>
         <run_address>0x5220</run_address>
         <size>0xde</size>
         <input_file_ref idref="fl-16"/>
      </object_component>
      <object_component id="oc-7f">
         <name>.debug_info</name>
         <load_address>0x52fe</load_address>
         <run_address>0x52fe</run_address>
         <size>0xd6</size>
         <input_file_ref idref="fl-17"/>
      </object_component>
      <object_component id="oc-83">
         <name>.debug_info</name>
         <load_address>0x53d4</load_address>
         <run_address>0x53d4</run_address>
         <size>0xd6</size>
         <input_file_ref idref="fl-18"/>
      </object_component>
      <object_component id="oc-87">
         <name>.debug_info</name>
         <load_address>0x54aa</load_address>
         <run_address>0x54aa</run_address>
         <size>0xd4</size>
         <input_file_ref idref="fl-19"/>
      </object_component>
      <object_component id="oc-8b">
         <name>.debug_info</name>
         <load_address>0x557e</load_address>
         <run_address>0x557e</run_address>
         <size>0xd2</size>
         <input_file_ref idref="fl-1a"/>
      </object_component>
      <object_component id="oc-90">
         <name>.debug_info</name>
         <load_address>0x5650</load_address>
         <run_address>0x5650</run_address>
         <size>0xd4</size>
         <input_file_ref idref="fl-1b"/>
      </object_component>
      <object_component id="oc-94">
         <name>.debug_info</name>
         <load_address>0x5724</load_address>
         <run_address>0x5724</run_address>
         <size>0xd0</size>
         <input_file_ref idref="fl-1c"/>
      </object_component>
      <object_component id="oc-98">
         <name>.debug_info</name>
         <load_address>0x57f4</load_address>
         <run_address>0x57f4</run_address>
         <size>0xd6</size>
         <input_file_ref idref="fl-1d"/>
      </object_component>
      <object_component id="oc-9c">
         <name>.debug_info</name>
         <load_address>0x58ca</load_address>
         <run_address>0x58ca</run_address>
         <size>0xdb</size>
         <input_file_ref idref="fl-1e"/>
      </object_component>
      <object_component id="oc-a0">
         <name>.debug_info</name>
         <load_address>0x59a5</load_address>
         <run_address>0x59a5</run_address>
         <size>0xd8</size>
         <input_file_ref idref="fl-1f"/>
      </object_component>
      <object_component id="oc-a4">
         <name>.debug_info</name>
         <load_address>0x5a7d</load_address>
         <run_address>0x5a7d</run_address>
         <size>0xdd</size>
         <input_file_ref idref="fl-20"/>
      </object_component>
      <object_component id="oc-a9">
         <name>.debug_info</name>
         <load_address>0x5b5a</load_address>
         <run_address>0x5b5a</run_address>
         <size>0xe8</size>
         <input_file_ref idref="fl-2a"/>
      </object_component>
      <object_component id="oc-ae">
         <name>.debug_info</name>
         <load_address>0x5c42</load_address>
         <run_address>0x5c42</run_address>
         <size>0x5fb</size>
         <input_file_ref idref="fl-2b"/>
      </object_component>
      <object_component id="oc-b4">
         <name>.debug_info</name>
         <load_address>0x623d</load_address>
         <run_address>0x623d</run_address>
         <size>0x242</size>
         <input_file_ref idref="fl-2c"/>
      </object_component>
      <object_component id="oc-b8">
         <name>.debug_info</name>
         <load_address>0x647f</load_address>
         <run_address>0x647f</run_address>
         <size>0x534</size>
         <input_file_ref idref="fl-2d"/>
      </object_component>
      <object_component id="oc-bc">
         <name>.debug_info</name>
         <load_address>0x69b3</load_address>
         <run_address>0x69b3</run_address>
         <size>0x549</size>
         <input_file_ref idref="fl-2e"/>
      </object_component>
      <object_component id="oc-c1">
         <name>.debug_info</name>
         <load_address>0x6efc</load_address>
         <run_address>0x6efc</run_address>
         <size>0xeb</size>
         <input_file_ref idref="fl-2f"/>
      </object_component>
      <object_component id="oc-c5">
         <name>.debug_info</name>
         <load_address>0x6fe7</load_address>
         <run_address>0x6fe7</run_address>
         <size>0x7fc</size>
         <input_file_ref idref="fl-30"/>
      </object_component>
      <object_component id="oc-ca">
         <name>.debug_info</name>
         <load_address>0x77e3</load_address>
         <run_address>0x77e3</run_address>
         <size>0x4de</size>
         <input_file_ref idref="fl-31"/>
      </object_component>
      <object_component id="oc-cf">
         <name>.debug_info</name>
         <load_address>0x7cc1</load_address>
         <run_address>0x7cc1</run_address>
         <size>0xbc</size>
         <input_file_ref idref="fl-32"/>
      </object_component>
      <object_component id="oc-d4">
         <name>.debug_info</name>
         <load_address>0x7d7d</load_address>
         <run_address>0x7d7d</run_address>
         <size>0x5bc</size>
         <input_file_ref idref="fl-33"/>
      </object_component>
      <object_component id="oc-d9">
         <name>.debug_info</name>
         <load_address>0x8339</load_address>
         <run_address>0x8339</run_address>
         <size>0x5ab</size>
         <input_file_ref idref="fl-34"/>
      </object_component>
      <object_component id="oc-dd">
         <name>.debug_info</name>
         <load_address>0x88e4</load_address>
         <run_address>0x88e4</run_address>
         <size>0x586</size>
         <input_file_ref idref="fl-35"/>
      </object_component>
      <object_component id="oc-e1">
         <name>.debug_info</name>
         <load_address>0x8e6a</load_address>
         <run_address>0x8e6a</run_address>
         <size>0xcd</size>
         <input_file_ref idref="fl-36"/>
      </object_component>
      <object_component id="oc-e5">
         <name>.debug_info</name>
         <load_address>0x8f37</load_address>
         <run_address>0x8f37</run_address>
         <size>0x81f</size>
         <input_file_ref idref="fl-37"/>
      </object_component>
      <object_component id="oc-e9">
         <name>.debug_info</name>
         <load_address>0x9756</load_address>
         <run_address>0x9756</run_address>
         <size>0x47b</size>
         <input_file_ref idref="fl-38"/>
      </object_component>
      <object_component id="oc-ed">
         <name>.debug_info</name>
         <load_address>0x9bd1</load_address>
         <run_address>0x9bd1</run_address>
         <size>0x518</size>
         <input_file_ref idref="fl-39"/>
      </object_component>
      <object_component id="oc-f2">
         <name>.debug_info</name>
         <load_address>0xa0e9</load_address>
         <run_address>0xa0e9</run_address>
         <size>0x50e</size>
         <input_file_ref idref="fl-3a"/>
      </object_component>
      <object_component id="oc-f7">
         <name>.debug_info</name>
         <load_address>0xa5f7</load_address>
         <run_address>0xa5f7</run_address>
         <size>0x55b</size>
         <input_file_ref idref="fl-3b"/>
      </object_component>
      <object_component id="oc-fb">
         <name>.debug_info</name>
         <load_address>0xab52</load_address>
         <run_address>0xab52</run_address>
         <size>0x4d2</size>
         <input_file_ref idref="fl-3c"/>
      </object_component>
      <object_component id="oc-124">
         <name>.debug_info</name>
         <load_address>0xb024</load_address>
         <run_address>0xb024</run_address>
         <size>0x6e</size>
      </object_component>
      <object_component id="oc-1b">
         <name>.debug_frame</name>
         <load_address>0x0</load_address>
         <run_address>0x0</run_address>
         <size>0x174</size>
         <input_file_ref idref="fl-2"/>
      </object_component>
      <object_component id="oc-20">
         <name>.debug_frame</name>
         <load_address>0x174</load_address>
         <run_address>0x174</run_address>
         <size>0x13b</size>
         <input_file_ref idref="fl-3"/>
      </object_component>
      <object_component id="oc-28">
         <name>.debug_frame</name>
         <load_address>0x2af</load_address>
         <run_address>0x2af</run_address>
         <size>0x402</size>
         <input_file_ref idref="fl-4"/>
      </object_component>
      <object_component id="oc-2e">
         <name>.debug_frame</name>
         <load_address>0x6b1</load_address>
         <run_address>0x6b1</run_address>
         <size>0x126</size>
         <input_file_ref idref="fl-5"/>
      </object_component>
      <object_component id="oc-33">
         <name>.debug_frame</name>
         <load_address>0x7d7</load_address>
         <run_address>0x7d7</run_address>
         <size>0xe5</size>
         <input_file_ref idref="fl-6"/>
      </object_component>
      <object_component id="oc-39">
         <name>.debug_frame</name>
         <load_address>0x8bc</load_address>
         <run_address>0x8bc</run_address>
         <size>0x1d7</size>
         <input_file_ref idref="fl-7"/>
      </object_component>
      <object_component id="oc-1c">
         <name>.debug_line</name>
         <load_address>0x0</load_address>
         <run_address>0x0</run_address>
         <size>0x11e</size>
         <input_file_ref idref="fl-2"/>
      </object_component>
      <object_component id="oc-21">
         <name>.debug_line</name>
         <load_address>0x11e</load_address>
         <run_address>0x11e</run_address>
         <size>0xc5</size>
         <input_file_ref idref="fl-3"/>
      </object_component>
      <object_component id="oc-29">
         <name>.debug_line</name>
         <load_address>0x1e3</load_address>
         <run_address>0x1e3</run_address>
         <size>0x30d</size>
         <input_file_ref idref="fl-4"/>
      </object_component>
      <object_component id="oc-2f">
         <name>.debug_line</name>
         <load_address>0x4f0</load_address>
         <run_address>0x4f0</run_address>
         <size>0xa6</size>
         <input_file_ref idref="fl-5"/>
      </object_component>
      <object_component id="oc-34">
         <name>.debug_line</name>
         <load_address>0x596</load_address>
         <run_address>0x596</run_address>
         <size>0x59</size>
         <input_file_ref idref="fl-6"/>
      </object_component>
      <object_component id="oc-3a">
         <name>.debug_line</name>
         <load_address>0x5ef</load_address>
         <run_address>0x5ef</run_address>
         <size>0x1a3</size>
         <input_file_ref idref="fl-7"/>
      </object_component>
      <object_component id="oc-3f">
         <name>.debug_line</name>
         <load_address>0x792</load_address>
         <run_address>0x792</run_address>
         <size>0x3a</size>
         <input_file_ref idref="fl-8"/>
      </object_component>
      <object_component id="oc-43">
         <name>.debug_line</name>
         <load_address>0x7cc</load_address>
         <run_address>0x7cc</run_address>
         <size>0x9f</size>
         <input_file_ref idref="fl-9"/>
      </object_component>
      <object_component id="oc-47">
         <name>.debug_line</name>
         <load_address>0x86b</load_address>
         <run_address>0x86b</run_address>
         <size>0x53</size>
         <input_file_ref idref="fl-a"/>
      </object_component>
      <object_component id="oc-4b">
         <name>.debug_line</name>
         <load_address>0x8be</load_address>
         <run_address>0x8be</run_address>
         <size>0x84</size>
         <input_file_ref idref="fl-b"/>
      </object_component>
      <object_component id="oc-50">
         <name>.debug_line</name>
         <load_address>0x942</load_address>
         <run_address>0x942</run_address>
         <size>0x7b</size>
         <input_file_ref idref="fl-c"/>
      </object_component>
      <object_component id="oc-55">
         <name>.debug_line</name>
         <load_address>0x9bd</load_address>
         <run_address>0x9bd</run_address>
         <size>0x4e</size>
         <input_file_ref idref="fl-d"/>
      </object_component>
      <object_component id="oc-59">
         <name>.debug_line</name>
         <load_address>0xa0b</load_address>
         <run_address>0xa0b</run_address>
         <size>0xb8</size>
         <input_file_ref idref="fl-e"/>
      </object_component>
      <object_component id="oc-5d">
         <name>.debug_line</name>
         <load_address>0xac3</load_address>
         <run_address>0xac3</run_address>
         <size>0x4d</size>
         <input_file_ref idref="fl-f"/>
      </object_component>
      <object_component id="oc-61">
         <name>.debug_line</name>
         <load_address>0xb10</load_address>
         <run_address>0xb10</run_address>
         <size>0xd2</size>
         <input_file_ref idref="fl-10"/>
      </object_component>
      <object_component id="oc-65">
         <name>.debug_line</name>
         <load_address>0xbe2</load_address>
         <run_address>0xbe2</run_address>
         <size>0x96</size>
         <input_file_ref idref="fl-11"/>
      </object_component>
      <object_component id="oc-69">
         <name>.debug_line</name>
         <load_address>0xc78</load_address>
         <run_address>0xc78</run_address>
         <size>0x6a</size>
         <input_file_ref idref="fl-12"/>
      </object_component>
      <object_component id="oc-6e">
         <name>.debug_line</name>
         <load_address>0xce2</load_address>
         <run_address>0xce2</run_address>
         <size>0xb7</size>
         <input_file_ref idref="fl-13"/>
      </object_component>
      <object_component id="oc-72">
         <name>.debug_line</name>
         <load_address>0xd99</load_address>
         <run_address>0xd99</run_address>
         <size>0xe4</size>
         <input_file_ref idref="fl-14"/>
      </object_component>
      <object_component id="oc-77">
         <name>.debug_line</name>
         <load_address>0xe7d</load_address>
         <run_address>0xe7d</run_address>
         <size>0xd9</size>
         <input_file_ref idref="fl-15"/>
      </object_component>
      <object_component id="oc-7c">
         <name>.debug_line</name>
         <load_address>0xf56</load_address>
         <run_address>0xf56</run_address>
         <size>0x114</size>
         <input_file_ref idref="fl-16"/>
      </object_component>
      <object_component id="oc-80">
         <name>.debug_line</name>
         <load_address>0x106a</load_address>
         <run_address>0x106a</run_address>
         <size>0x75</size>
         <input_file_ref idref="fl-17"/>
      </object_component>
      <object_component id="oc-84">
         <name>.debug_line</name>
         <load_address>0x10df</load_address>
         <run_address>0x10df</run_address>
         <size>0x7a</size>
         <input_file_ref idref="fl-18"/>
      </object_component>
      <object_component id="oc-88">
         <name>.debug_line</name>
         <load_address>0x1159</load_address>
         <run_address>0x1159</run_address>
         <size>0x7b</size>
         <input_file_ref idref="fl-19"/>
      </object_component>
      <object_component id="oc-8c">
         <name>.debug_line</name>
         <load_address>0x11d4</load_address>
         <run_address>0x11d4</run_address>
         <size>0x6f</size>
         <input_file_ref idref="fl-1a"/>
      </object_component>
      <object_component id="oc-91">
         <name>.debug_line</name>
         <load_address>0x1243</load_address>
         <run_address>0x1243</run_address>
         <size>0x62</size>
         <input_file_ref idref="fl-1b"/>
      </object_component>
      <object_component id="oc-95">
         <name>.debug_line</name>
         <load_address>0x12a5</load_address>
         <run_address>0x12a5</run_address>
         <size>0x53</size>
         <input_file_ref idref="fl-1c"/>
      </object_component>
      <object_component id="oc-99">
         <name>.debug_line</name>
         <load_address>0x12f8</load_address>
         <run_address>0x12f8</run_address>
         <size>0x81</size>
         <input_file_ref idref="fl-1d"/>
      </object_component>
      <object_component id="oc-9d">
         <name>.debug_line</name>
         <load_address>0x1379</load_address>
         <run_address>0x1379</run_address>
         <size>0xad</size>
         <input_file_ref idref="fl-1e"/>
      </object_component>
      <object_component id="oc-a1">
         <name>.debug_line</name>
         <load_address>0x1426</load_address>
         <run_address>0x1426</run_address>
         <size>0x83</size>
         <input_file_ref idref="fl-1f"/>
      </object_component>
      <object_component id="oc-a5">
         <name>.debug_line</name>
         <load_address>0x14a9</load_address>
         <run_address>0x14a9</run_address>
         <size>0xae</size>
         <input_file_ref idref="fl-20"/>
      </object_component>
      <object_component id="oc-aa">
         <name>.debug_line</name>
         <load_address>0x1557</load_address>
         <run_address>0x1557</run_address>
         <size>0x54</size>
         <input_file_ref idref="fl-2a"/>
      </object_component>
      <object_component id="oc-b1">
         <name>.debug_line</name>
         <load_address>0x15ab</load_address>
         <run_address>0x15ab</run_address>
         <size>0x51</size>
         <input_file_ref idref="fl-2b"/>
      </object_component>
      <object_component id="oc-b5">
         <name>.debug_line</name>
         <load_address>0x15fc</load_address>
         <run_address>0x15fc</run_address>
         <size>0xd5</size>
         <input_file_ref idref="fl-2c"/>
      </object_component>
      <object_component id="oc-b9">
         <name>.debug_line</name>
         <load_address>0x16d1</load_address>
         <run_address>0x16d1</run_address>
         <size>0x3d</size>
         <input_file_ref idref="fl-2d"/>
      </object_component>
      <object_component id="oc-be">
         <name>.debug_line</name>
         <load_address>0x170e</load_address>
         <run_address>0x170e</run_address>
         <size>0x44</size>
         <input_file_ref idref="fl-2e"/>
      </object_component>
      <object_component id="oc-c2">
         <name>.debug_line</name>
         <load_address>0x1752</load_address>
         <run_address>0x1752</run_address>
         <size>0x5c</size>
         <input_file_ref idref="fl-2f"/>
      </object_component>
      <object_component id="oc-c7">
         <name>.debug_line</name>
         <load_address>0x17ae</load_address>
         <run_address>0x17ae</run_address>
         <size>0x53</size>
         <input_file_ref idref="fl-30"/>
      </object_component>
      <object_component id="oc-cb">
         <name>.debug_line</name>
         <load_address>0x1801</load_address>
         <run_address>0x1801</run_address>
         <size>0x37</size>
         <input_file_ref idref="fl-31"/>
      </object_component>
      <object_component id="oc-d0">
         <name>.debug_line</name>
         <load_address>0x1838</load_address>
         <run_address>0x1838</run_address>
         <size>0x37</size>
         <input_file_ref idref="fl-32"/>
      </object_component>
      <object_component id="oc-d6">
         <name>.debug_line</name>
         <load_address>0x186f</load_address>
         <run_address>0x186f</run_address>
         <size>0x57</size>
         <input_file_ref idref="fl-33"/>
      </object_component>
      <object_component id="oc-da">
         <name>.debug_line</name>
         <load_address>0x18c6</load_address>
         <run_address>0x18c6</run_address>
         <size>0x5c</size>
         <input_file_ref idref="fl-34"/>
      </object_component>
      <object_component id="oc-de">
         <name>.debug_line</name>
         <load_address>0x1922</load_address>
         <run_address>0x1922</run_address>
         <size>0x41</size>
         <input_file_ref idref="fl-35"/>
      </object_component>
      <object_component id="oc-e2">
         <name>.debug_line</name>
         <load_address>0x1963</load_address>
         <run_address>0x1963</run_address>
         <size>0x55</size>
         <input_file_ref idref="fl-36"/>
      </object_component>
      <object_component id="oc-e6">
         <name>.debug_line</name>
         <load_address>0x19b8</load_address>
         <run_address>0x19b8</run_address>
         <size>0xad</size>
         <input_file_ref idref="fl-37"/>
      </object_component>
      <object_component id="oc-ef">
         <name>.debug_line</name>
         <load_address>0x1a65</load_address>
         <run_address>0x1a65</run_address>
         <size>0x3a</size>
         <input_file_ref idref="fl-39"/>
      </object_component>
      <object_component id="oc-f4">
         <name>.debug_line</name>
         <load_address>0x1a9f</load_address>
         <run_address>0x1a9f</run_address>
         <size>0x3a</size>
         <input_file_ref idref="fl-3a"/>
      </object_component>
      <object_component id="oc-f8">
         <name>.debug_line</name>
         <load_address>0x1ad9</load_address>
         <run_address>0x1ad9</run_address>
         <size>0x3c</size>
         <input_file_ref idref="fl-3b"/>
      </object_component>
      <object_component id="oc-fc">
         <name>.debug_line</name>
         <load_address>0x1b15</load_address>
         <run_address>0x1b15</run_address>
         <size>0x3a</size>
         <input_file_ref idref="fl-3c"/>
      </object_component>
      <object_component id="oc-1d">
         <name>.debug_abbrev</name>
         <load_address>0x0</load_address>
         <run_address>0x0</run_address>
         <size>0x148</size>
         <input_file_ref idref="fl-2"/>
      </object_component>
      <object_component id="oc-22">
         <name>.debug_abbrev</name>
         <load_address>0x148</load_address>
         <run_address>0x148</run_address>
         <size>0x126</size>
         <input_file_ref idref="fl-3"/>
      </object_component>
      <object_component id="oc-2a">
         <name>.debug_abbrev</name>
         <load_address>0x26e</load_address>
         <run_address>0x26e</run_address>
         <size>0x143</size>
         <input_file_ref idref="fl-4"/>
      </object_component>
      <object_component id="oc-30">
         <name>.debug_abbrev</name>
         <load_address>0x3b1</load_address>
         <run_address>0x3b1</run_address>
         <size>0x129</size>
         <input_file_ref idref="fl-5"/>
      </object_component>
      <object_component id="oc-35">
         <name>.debug_abbrev</name>
         <load_address>0x4da</load_address>
         <run_address>0x4da</run_address>
         <size>0x99</size>
         <input_file_ref idref="fl-6"/>
      </object_component>
      <object_component id="oc-3b">
         <name>.debug_abbrev</name>
         <load_address>0x573</load_address>
         <run_address>0x573</run_address>
         <size>0x132</size>
         <input_file_ref idref="fl-7"/>
      </object_component>
      <object_component id="oc-40">
         <name>.debug_abbrev</name>
         <load_address>0x6a5</load_address>
         <run_address>0x6a5</run_address>
         <size>0x20</size>
         <input_file_ref idref="fl-8"/>
      </object_component>
      <object_component id="oc-44">
         <name>.debug_abbrev</name>
         <load_address>0x6c5</load_address>
         <run_address>0x6c5</run_address>
         <size>0x2c</size>
         <input_file_ref idref="fl-9"/>
      </object_component>
      <object_component id="oc-48">
         <name>.debug_abbrev</name>
         <load_address>0x6f1</load_address>
         <run_address>0x6f1</run_address>
         <size>0x2c</size>
         <input_file_ref idref="fl-a"/>
      </object_component>
      <object_component id="oc-4c">
         <name>.debug_abbrev</name>
         <load_address>0x71d</load_address>
         <run_address>0x71d</run_address>
         <size>0x2c</size>
         <input_file_ref idref="fl-b"/>
      </object_component>
      <object_component id="oc-51">
         <name>.debug_abbrev</name>
         <load_address>0x749</load_address>
         <run_address>0x749</run_address>
         <size>0x3a</size>
         <input_file_ref idref="fl-c"/>
      </object_component>
      <object_component id="oc-56">
         <name>.debug_abbrev</name>
         <load_address>0x783</load_address>
         <run_address>0x783</run_address>
         <size>0x2c</size>
         <input_file_ref idref="fl-d"/>
      </object_component>
      <object_component id="oc-5a">
         <name>.debug_abbrev</name>
         <load_address>0x7af</load_address>
         <run_address>0x7af</run_address>
         <size>0x2c</size>
         <input_file_ref idref="fl-e"/>
      </object_component>
      <object_component id="oc-5e">
         <name>.debug_abbrev</name>
         <load_address>0x7db</load_address>
         <run_address>0x7db</run_address>
         <size>0x2c</size>
         <input_file_ref idref="fl-f"/>
      </object_component>
      <object_component id="oc-62">
         <name>.debug_abbrev</name>
         <load_address>0x807</load_address>
         <run_address>0x807</run_address>
         <size>0x2c</size>
         <input_file_ref idref="fl-10"/>
      </object_component>
      <object_component id="oc-66">
         <name>.debug_abbrev</name>
         <load_address>0x833</load_address>
         <run_address>0x833</run_address>
         <size>0x2c</size>
         <input_file_ref idref="fl-11"/>
      </object_component>
      <object_component id="oc-6a">
         <name>.debug_abbrev</name>
         <load_address>0x85f</load_address>
         <run_address>0x85f</run_address>
         <size>0x2c</size>
         <input_file_ref idref="fl-12"/>
      </object_component>
      <object_component id="oc-6f">
         <name>.debug_abbrev</name>
         <load_address>0x88b</load_address>
         <run_address>0x88b</run_address>
         <size>0x2c</size>
         <input_file_ref idref="fl-13"/>
      </object_component>
      <object_component id="oc-73">
         <name>.debug_abbrev</name>
         <load_address>0x8b7</load_address>
         <run_address>0x8b7</run_address>
         <size>0x2c</size>
         <input_file_ref idref="fl-14"/>
      </object_component>
      <object_component id="oc-78">
         <name>.debug_abbrev</name>
         <load_address>0x8e3</load_address>
         <run_address>0x8e3</run_address>
         <size>0x2c</size>
         <input_file_ref idref="fl-15"/>
      </object_component>
      <object_component id="oc-7d">
         <name>.debug_abbrev</name>
         <load_address>0x90f</load_address>
         <run_address>0x90f</run_address>
         <size>0x2c</size>
         <input_file_ref idref="fl-16"/>
      </object_component>
      <object_component id="oc-81">
         <name>.debug_abbrev</name>
         <load_address>0x93b</load_address>
         <run_address>0x93b</run_address>
         <size>0x2c</size>
         <input_file_ref idref="fl-17"/>
      </object_component>
      <object_component id="oc-85">
         <name>.debug_abbrev</name>
         <load_address>0x967</load_address>
         <run_address>0x967</run_address>
         <size>0x2c</size>
         <input_file_ref idref="fl-18"/>
      </object_component>
      <object_component id="oc-89">
         <name>.debug_abbrev</name>
         <load_address>0x993</load_address>
         <run_address>0x993</run_address>
         <size>0x2c</size>
         <input_file_ref idref="fl-19"/>
      </object_component>
      <object_component id="oc-8d">
         <name>.debug_abbrev</name>
         <load_address>0x9bf</load_address>
         <run_address>0x9bf</run_address>
         <size>0x2c</size>
         <input_file_ref idref="fl-1a"/>
      </object_component>
      <object_component id="oc-92">
         <name>.debug_abbrev</name>
         <load_address>0x9eb</load_address>
         <run_address>0x9eb</run_address>
         <size>0x2c</size>
         <input_file_ref idref="fl-1b"/>
      </object_component>
      <object_component id="oc-96">
         <name>.debug_abbrev</name>
         <load_address>0xa17</load_address>
         <run_address>0xa17</run_address>
         <size>0x2c</size>
         <input_file_ref idref="fl-1c"/>
      </object_component>
      <object_component id="oc-9a">
         <name>.debug_abbrev</name>
         <load_address>0xa43</load_address>
         <run_address>0xa43</run_address>
         <size>0x2c</size>
         <input_file_ref idref="fl-1d"/>
      </object_component>
      <object_component id="oc-9e">
         <name>.debug_abbrev</name>
         <load_address>0xa6f</load_address>
         <run_address>0xa6f</run_address>
         <size>0x2c</size>
         <input_file_ref idref="fl-1e"/>
      </object_component>
      <object_component id="oc-a2">
         <name>.debug_abbrev</name>
         <load_address>0xa9b</load_address>
         <run_address>0xa9b</run_address>
         <size>0x2c</size>
         <input_file_ref idref="fl-1f"/>
      </object_component>
      <object_component id="oc-a6">
         <name>.debug_abbrev</name>
         <load_address>0xac7</load_address>
         <run_address>0xac7</run_address>
         <size>0x2c</size>
         <input_file_ref idref="fl-20"/>
      </object_component>
      <object_component id="oc-ab">
         <name>.debug_abbrev</name>
         <load_address>0xaf3</load_address>
         <run_address>0xaf3</run_address>
         <size>0x3a</size>
         <input_file_ref idref="fl-2a"/>
      </object_component>
      <object_component id="oc-b2">
         <name>.debug_abbrev</name>
         <load_address>0xb2d</load_address>
         <run_address>0xb2d</run_address>
         <size>0xf7</size>
         <input_file_ref idref="fl-2b"/>
      </object_component>
      <object_component id="oc-b6">
         <name>.debug_abbrev</name>
         <load_address>0xc24</load_address>
         <run_address>0xc24</run_address>
         <size>0x38</size>
         <input_file_ref idref="fl-2c"/>
      </object_component>
      <object_component id="oc-ba">
         <name>.debug_abbrev</name>
         <load_address>0xc5c</load_address>
         <run_address>0xc5c</run_address>
         <size>0xb7</size>
         <input_file_ref idref="fl-2d"/>
      </object_component>
      <object_component id="oc-bf">
         <name>.debug_abbrev</name>
         <load_address>0xd13</load_address>
         <run_address>0xd13</run_address>
         <size>0xc2</size>
         <input_file_ref idref="fl-2e"/>
      </object_component>
      <object_component id="oc-c3">
         <name>.debug_abbrev</name>
         <load_address>0xdd5</load_address>
         <run_address>0xdd5</run_address>
         <size>0x38</size>
         <input_file_ref idref="fl-2f"/>
      </object_component>
      <object_component id="oc-c8">
         <name>.debug_abbrev</name>
         <load_address>0xe0d</load_address>
         <run_address>0xe0d</run_address>
         <size>0x119</size>
         <input_file_ref idref="fl-30"/>
      </object_component>
      <object_component id="oc-cc">
         <name>.debug_abbrev</name>
         <load_address>0xf26</load_address>
         <run_address>0xf26</run_address>
         <size>0x8f</size>
         <input_file_ref idref="fl-31"/>
      </object_component>
      <object_component id="oc-d1">
         <name>.debug_abbrev</name>
         <load_address>0xfb5</load_address>
         <run_address>0xfb5</run_address>
         <size>0x26</size>
         <input_file_ref idref="fl-32"/>
      </object_component>
      <object_component id="oc-d7">
         <name>.debug_abbrev</name>
         <load_address>0xfdb</load_address>
         <run_address>0xfdb</run_address>
         <size>0x9f</size>
         <input_file_ref idref="fl-33"/>
      </object_component>
      <object_component id="oc-db">
         <name>.debug_abbrev</name>
         <load_address>0x107a</load_address>
         <run_address>0x107a</run_address>
         <size>0xd4</size>
         <input_file_ref idref="fl-34"/>
      </object_component>
      <object_component id="oc-df">
         <name>.debug_abbrev</name>
         <load_address>0x114e</load_address>
         <run_address>0x114e</run_address>
         <size>0xec</size>
         <input_file_ref idref="fl-35"/>
      </object_component>
      <object_component id="oc-e3">
         <name>.debug_abbrev</name>
         <load_address>0x123a</load_address>
         <run_address>0x123a</run_address>
         <size>0x44</size>
         <input_file_ref idref="fl-36"/>
      </object_component>
      <object_component id="oc-e7">
         <name>.debug_abbrev</name>
         <load_address>0x127e</load_address>
         <run_address>0x127e</run_address>
         <size>0xb7</size>
         <input_file_ref idref="fl-37"/>
      </object_component>
      <object_component id="oc-eb">
         <name>.debug_abbrev</name>
         <load_address>0x1335</load_address>
         <run_address>0x1335</run_address>
         <size>0x44</size>
         <input_file_ref idref="fl-38"/>
      </object_component>
      <object_component id="oc-f0">
         <name>.debug_abbrev</name>
         <load_address>0x1379</load_address>
         <run_address>0x1379</run_address>
         <size>0xa8</size>
         <input_file_ref idref="fl-39"/>
      </object_component>
      <object_component id="oc-f5">
         <name>.debug_abbrev</name>
         <load_address>0x1421</load_address>
         <run_address>0x1421</run_address>
         <size>0x9f</size>
         <input_file_ref idref="fl-3a"/>
      </object_component>
      <object_component id="oc-f9">
         <name>.debug_abbrev</name>
         <load_address>0x14c0</load_address>
         <run_address>0x14c0</run_address>
         <size>0xdc</size>
         <input_file_ref idref="fl-3b"/>
      </object_component>
      <object_component id="oc-fd">
         <name>.debug_abbrev</name>
         <load_address>0x159c</load_address>
         <run_address>0x159c</run_address>
         <size>0x81</size>
         <input_file_ref idref="fl-3c"/>
      </object_component>
      <object_component id="oc-125">
         <name>.debug_abbrev</name>
         <load_address>0x161d</load_address>
         <run_address>0x161d</run_address>
         <size>0xd</size>
      </object_component>
      <object_component id="oc-ce">
         <name>vectors</name>
         <load_address>0x3280</load_address>
         <run_address>0x3280</run_address>
         <size>0x100</size>
         <input_file_ref idref="fl-32"/>
      </object_component>
   </object_component_list>
   <logical_group_list>
      <logical_group id="lg-2">
         <name>.text</name>
         <load_address>0x100</load_address>
         <run_address>0x100</run_address>
         <size>0x2b53</size>
         <contents>
            <object_component_ref idref="oc-23"/>
            <object_component_ref idref="oc-d8"/>
            <object_component_ref idref="oc-36"/>
            <object_component_ref idref="oc-17"/>
            <object_component_ref idref="oc-70"/>
            <object_component_ref idref="oc-79"/>
            <object_component_ref idref="oc-e4"/>
            <object_component_ref idref="oc-5f"/>
            <object_component_ref idref="oc-74"/>
            <object_component_ref idref="oc-6b"/>
            <object_component_ref idref="oc-2b"/>
            <object_component_ref idref="oc-f6"/>
            <object_component_ref idref="oc-1e"/>
            <object_component_ref idref="oc-57"/>
            <object_component_ref idref="oc-a3"/>
            <object_component_ref idref="oc-9b"/>
            <object_component_ref idref="oc-27"/>
            <object_component_ref idref="oc-c4"/>
            <object_component_ref idref="oc-41"/>
            <object_component_ref idref="oc-f1"/>
            <object_component_ref idref="oc-63"/>
            <object_component_ref idref="oc-ec"/>
            <object_component_ref idref="oc-49"/>
            <object_component_ref idref="oc-b3"/>
            <object_component_ref idref="oc-7e"/>
            <object_component_ref idref="oc-86"/>
            <object_component_ref idref="oc-4d"/>
            <object_component_ref idref="oc-82"/>
            <object_component_ref idref="oc-8a"/>
            <object_component_ref idref="oc-31"/>
            <object_component_ref idref="oc-fa"/>
            <object_component_ref idref="oc-67"/>
            <object_component_ref idref="oc-b7"/>
            <object_component_ref idref="oc-bb"/>
            <object_component_ref idref="oc-8e"/>
            <object_component_ref idref="oc-e0"/>
            <object_component_ref idref="oc-dc"/>
            <object_component_ref idref="oc-45"/>
            <object_component_ref idref="oc-93"/>
            <object_component_ref idref="oc-ac"/>
            <object_component_ref idref="oc-c0"/>
            <object_component_ref idref="oc-16"/>
            <object_component_ref idref="oc-52"/>
            <object_component_ref idref="oc-5b"/>
            <object_component_ref idref="oc-c9"/>
            <object_component_ref idref="oc-d2"/>
            <object_component_ref idref="oc-b0"/>
            <object_component_ref idref="oc-cd"/>
            <object_component_ref idref="oc-3c"/>
         </contents>
      </logical_group>
      <logical_group id="lg-3">
         <name>.trcinit</name>
         <run_address>0x0</run_address>
         <size>0x0</size>
         <contents>
         </contents>
      </logical_group>
      <logical_group id="lg-4">
         <name>.gblinit</name>
         <run_address>0x0</run_address>
         <size>0x0</size>
         <contents>
         </contents>
      </logical_group>
      <logical_group id="lg-5">
         <name>frt</name>
         <run_address>0x0</run_address>
         <size>0x0</size>
         <contents>
         </contents>
      </logical_group>
      <logical_group id="lg-6">
         <name>.vectors</name>
         <load_address>0x8000</load_address>
         <run_address>0x8000</run_address>
         <size>0x100</size>
         <contents>
            <object_component_ref idref="oc-3d"/>
         </contents>
      </logical_group>
      <logical_group id="lg-7">
         <name>.cinit</name>
         <load_address>0x303c</load_address>
         <run_address>0x303c</run_address>
         <size>0x1e4</size>
         <contents>
            <object_component_ref idref="oc-26"/>
            <object_component_ref idref="oc-d5"/>
            <object_component_ref idref="oc-af"/>
            <object_component_ref idref="oc-1a"/>
            <object_component_ref idref="oc-ea"/>
         </contents>
      </logical_group>
      <logical_group id="lg-8">
         <name>.pinit</name>
         <run_address>0x0</run_address>
         <size>0x0</size>
         <contents>
         </contents>
      </logical_group>
      <logical_group id="lg-9">
         <name>.sysinit</name>
         <run_address>0x0</run_address>
         <size>0x0</size>
         <contents>
         </contents>
      </logical_group>
      <logical_group id="lg-a">
         <name>.data</name>
         <load_address>0x8200</load_address>
         <run_address>0x8200</run_address>
         <size>0x2830</size>
         <contents>
            <object_component_ref idref="oc-fe"/>
            <object_component_ref idref="oc-a7"/>
            <object_component_ref idref="oc-8f"/>
            <object_component_ref idref="oc-4e"/>
            <object_component_ref idref="oc-53"/>
         </contents>
      </logical_group>
      <logical_group id="lg-b">
         <name>.fftcode</name>
         <load_address>0xb022</load_address>
         <run_address>0xb022</run_address>
         <size>0x167</size>
         <contents>
            <object_component_ref idref="oc-97"/>
            <object_component_ref idref="oc-9f"/>
         </contents>
      </logical_group>
      <logical_group id="lg-c">
         <name>.bss</name>
         <run_address>0xaa30</run_address>
         <size>0x5f2</size>
         <contents>
            <object_component_ref idref="oc-18"/>
            <object_component_ref idref="oc-24"/>
            <object_component_ref idref="oc-2c"/>
            <object_component_ref idref="oc-37"/>
            <object_component_ref idref="oc-6c"/>
            <object_component_ref idref="oc-75"/>
            <object_component_ref idref="oc-7a"/>
            <object_component_ref idref="oc-ad"/>
            <object_component_ref idref="oc-d3"/>
            <object_component_ref idref="oc-e8"/>
         </contents>
      </logical_group>
      <logical_group id="lg-d">
         <name>.far</name>
         <run_address>0x0</run_address>
         <size>0x0</size>
         <contents>
         </contents>
      </logical_group>
      <logical_group id="lg-e">
         <name>.const</name>
         <load_address>0x3220</load_address>
         <run_address>0x3220</run_address>
         <size>0x3c</size>
         <contents>
            <object_component_ref idref="oc-f3"/>
            <object_component_ref idref="oc-c6"/>
            <object_component_ref idref="oc-ee"/>
            <object_component_ref idref="oc-bd"/>
         </contents>
      </logical_group>
      <logical_group id="lg-f">
         <name>.switch</name>
         <load_address>0x325c</load_address>
         <run_address>0x325c</run_address>
         <size>0x24</size>
         <contents>
            <object_component_ref idref="oc-100"/>
         </contents>
      </logical_group>
      <logical_group id="lg-10">
         <name>.sysmem</name>
         <run_address>0x0</run_address>
         <size>0x0</size>
         <contents>
         </contents>
      </logical_group>
      <logical_group id="lg-11">
         <name>.cio</name>
         <run_address>0x0</run_address>
         <size>0x0</size>
         <contents>
         </contents>
      </logical_group>
      <logical_group id="lg-12">
         <name>.MEM$obj</name>
         <run_address>0x0</run_address>
         <size>0x0</size>
         <contents>
         </contents>
      </logical_group>
      <logical_group id="lg-13">
         <name>.sysheap</name>
         <run_address>0x0</run_address>
         <size>0x0</size>
         <contents>
         </contents>
      </logical_group>
      <logical_group id="lg-14">
         <name>.sysstack</name>
         <run_address>0x2e48</run_address>
         <size>0x1f4</size>
         <contents>
            <object_component_ref idref="oc-ff"/>
            <object_component_ref idref="oc-121"/>
         </contents>
      </logical_group>
      <logical_group id="lg-15">
         <name>.stack</name>
         <run_address>0x2c54</run_address>
         <size>0x1f4</size>
         <contents>
            <object_component_ref idref="oc-a8"/>
            <object_component_ref idref="oc-120"/>
         </contents>
      </logical_group>
      <logical_group id="lg-115">
         <name>.debug_info</name>
         <load_address>0x0</load_address>
         <run_address>0x0</run_address>
         <size>0xb092</size>
         <contents>
            <object_component_ref idref="oc-19"/>
            <object_component_ref idref="oc-1f"/>
            <object_component_ref idref="oc-25"/>
            <object_component_ref idref="oc-2d"/>
            <object_component_ref idref="oc-32"/>
            <object_component_ref idref="oc-38"/>
            <object_component_ref idref="oc-3e"/>
            <object_component_ref idref="oc-42"/>
            <object_component_ref idref="oc-46"/>
            <object_component_ref idref="oc-4a"/>
            <object_component_ref idref="oc-4f"/>
            <object_component_ref idref="oc-54"/>
            <object_component_ref idref="oc-58"/>
            <object_component_ref idref="oc-5c"/>
            <object_component_ref idref="oc-60"/>
            <object_component_ref idref="oc-64"/>
            <object_component_ref idref="oc-68"/>
            <object_component_ref idref="oc-6d"/>
            <object_component_ref idref="oc-71"/>
            <object_component_ref idref="oc-76"/>
            <object_component_ref idref="oc-7b"/>
            <object_component_ref idref="oc-7f"/>
            <object_component_ref idref="oc-83"/>
            <object_component_ref idref="oc-87"/>
            <object_component_ref idref="oc-8b"/>
            <object_component_ref idref="oc-90"/>
            <object_component_ref idref="oc-94"/>
            <object_component_ref idref="oc-98"/>
            <object_component_ref idref="oc-9c"/>
            <object_component_ref idref="oc-a0"/>
[...]
         <object_component_ref idref="oc-18"/>
      </symbol>
      <symbol id="sm-6d">
         <name>_McBSP0_InitSlave</name>
         <value>0x95f</value>
         <object_component_ref idref="oc-17"/>
      </symbol>
      <symbol id="sm-6e">
         <name>_lpWork</name>
         <value>0xaa38</value>
         <object_component_ref idref="oc-18"/>
      </symbol>
      <symbol id="sm-6f">
         <name>_AIC23_Init</name>
         <value>0x9b5</value>
         <object_component_ref idref="oc-17"/>
      </symbol>
      <symbol id="sm-70">
         <name>_luWork1</name>
         <value>0xaa40</value>
         <object_component_ref idref="oc-18"/>
      </symbol>
      <symbol id="sm-71">
         <name>_nWork</name>
         <value>0xaa36</value>
         <object_component_ref idref="oc-18"/>
      </symbol>
      <symbol id="sm-72">
         <name>_pMCBSP0</name>
         <value>0xaa34</value>
         <object_component_ref idref="oc-18"/>
      </symbol>
      <symbol id="sm-73">
         <name>_AIC23_Mixer</name>
         <value>0xaaf</value>
         <object_component_ref idref="oc-17"/>
      </symbol>
      <symbol id="sm-74">
         <name>_AIC23_Mixer_Init</name>
         <value>0xa37</value>
         <object_component_ref idref="oc-17"/>
      </symbol>
      <symbol id="sm-75">
         <name>_luWork</name>
         <value>0xaa3c</value>
         <object_component_ref idref="oc-18"/>
      </symbol>
      <symbol id="sm-76">
         <name>_lpAudio</name>
         <value>0xaa30</value>
         <object_component_ref idref="oc-18"/>
      </symbol>
      <symbol id="sm-94">
         <name>_I2C_Disable</name>
         <value>0x1856</value>
         <object_component_ref idref="oc-1e"/>
      </symbol>
      <symbol id="sm-95">
         <name>_I2C_Write</name>
         <value>0x186e</value>
         <object_component_ref idref="oc-1e"/>
      </symbol>
      <symbol id="sm-96">
         <name>_I2C_Read</name>
         <value>0x18e1</value>
         <object_component_ref idref="oc-1e"/>
      </symbol>
      <symbol id="sm-97">
         <name>_I2C_Init</name>
         <value>0x1807</value>
         <object_component_ref idref="oc-1e"/>
      </symbol>
      <symbol id="sm-e6">
         <name>_LCDCMD</name>
         <value>0x136</value>
         <object_component_ref idref="oc-23"/>
      </symbol>
      <symbol id="sm-e7">
         <name>_LCDCLS</name>
         <value>0x383</value>
         <object_component_ref idref="oc-23"/>
      </symbol>
      <symbol id="sm-e8">
         <name>_GetKey</name>
         <value>0x14b</value>
         <object_component_ref idref="oc-23"/>
      </symbol>
      <symbol id="sm-e9">
         <name>_ledkey</name>
         <value>0xae6a</value>
         <object_component_ref idref="oc-24"/>
      </symbol>
      <symbol id="sm-ea">
         <name>_InitCTR</name>
         <value>0x1e7</value>
         <object_component_ref idref="oc-23"/>
      </symbol>
      <symbol id="sm-eb">
         <name>_ncode</name>
         <value>0xafee</value>
         <object_component_ref idref="oc-24"/>
      </symbol>
      <symbol id="sm-ec">
         <name>_TurnOnLCD</name>
         <value>0x376</value>
         <object_component_ref idref="oc-23"/>
      </symbol>
      <symbol id="sm-ed">
         <name>_ledx</name>
         <value>0xae5a</value>
         <object_component_ref idref="oc-24"/>
      </symbol>
      <symbol id="sm-ee">
         <name>_ConvertScanToChar</name>
         <value>0x17e</value>
         <object_component_ref idref="oc-23"/>
      </symbol>
      <symbol id="sm-ef">
         <name>_dbClearKey</name>
         <value>0xafea</value>
         <object_component_ref idref="oc-24"/>
      </symbol>
      <symbol id="sm-f0">
         <name>_music</name>
         <value>0xaf0a</value>
         <object_component_ref idref="oc-24"/>
      </symbol>
      <symbol id="sm-f1">
         <name>_ledbuf</name>
         <value>0xae4a</value>
         <object_component_ref idref="oc-24"/>
      </symbol>
      <symbol id="sm-f2">
         <name>_Keyshift</name>
         <value>0x429</value>
         <object_component_ref idref="oc-23"/>
      </symbol>
      <symbol id="sm-f3">
         <name>_SPCR21</name>
         <value>0xae46</value>
         <object_component_ref idref="oc-24"/>
      </symbol>
      <symbol id="sm-f4">
         <name>_Delay</name>
         <value>0x23b</value>
         <object_component_ref idref="oc-23"/>
      </symbol>
      <symbol id="sm-f5">
         <name>_LCDWriteRight</name>
         <value>0x361</value>
         <object_component_ref idref="oc-23"/>
      </symbol>
      <symbol id="sm-f6">
         <name>_pwm</name>
         <value>0xafda</value>
         <object_component_ref idref="oc-24"/>
      </symbol>
      <symbol id="sm-f7">
         <name>_PCR_1</name>
         <value>0xae48</value>
         <object_component_ref idref="oc-24"/>
      </symbol>
      <symbol id="sm-f8">
         <name>_XINT2</name>
         <value>0x1cdd</value>
         <object_component_ref idref="oc-27"/>
      </symbol>
      <symbol id="sm-f9">
         <name>_CloseCTR</name>
         <value>0x100</value>
         <object_component_ref idref="oc-23"/>
      </symbol>
      <symbol id="sm-fa">
         <name>_INTR_init</name>
         <value>0x405</value>
         <object_component_ref idref="oc-23"/>
      </symbol>
      <symbol id="sm-fb">
         <name>_SetLEDArray</name>
         <value>0x307</value>
         <object_component_ref idref="oc-23"/>
      </symbol>
      <symbol id="sm-fc">
         <name>_scanKey</name>
         <value>0xafec</value>
         <object_component_ref idref="oc-24"/>
      </symbol>
      <symbol id="sm-fd">
         <name>_LCDWriteLeft</name>
         <value>0x34c</value>
         <object_component_ref idref="oc-23"/>
      </symbol>
      <symbol id="sm-fe">
         <name>_RefreshLEDArray</name>
         <value>0x2cc</value>
         <object_component_ref idref="oc-23"/>
      </symbol>
      <symbol id="sm-ff">
         <name>_Delay1</name>
         <value>0x280</value>
         <object_component_ref idref="oc-23"/>
      </symbol>
      <symbol id="sm-117">
         <name>_main</name>
         <value>0x156b</value>
         <object_component_ref idref="oc-2b"/>
      </symbol>
      <symbol id="sm-118">
         <name>_wait</name>
         <value>0x165a</value>
         <object_component_ref idref="oc-2b"/>
      </symbol>
      <symbol id="sm-119">
         <name>_final</name>
         <value>0xac44</value>
         <object_component_ref idref="oc-2c"/>
      </symbol>
      <symbol id="sm-11a">
         <name>_EnableAPLL</name>
         <value>0x167c</value>
         <object_component_ref idref="oc-2b"/>
      </symbol>
      <symbol id="sm-11b">
         <name>_i</name>
         <value>0xae44</value>
         <object_component_ref idref="oc-2c"/>
      </symbol>
      <symbol id="sm-125">
         <name>_SDRAM_init</name>
         <value>0x2762</value>
         <object_component_ref idref="oc-31"/>
      </symbol>
      <symbol id="sm-152">
         <name>_INT_SetVec</name>
         <value>0x7f6</value>
         <object_component_ref idref="oc-36"/>
      </symbol>
      <symbol id="sm-153">
         <name>_firstbit</name>
         <value>0x90a</value>
         <object_component_ref idref="oc-36"/>
      </symbol>
      <symbol id="sm-154">
         <name>_dspclk</name>
         <value>0xaff0</value>
         <object_component_ref idref="oc-37"/>
      </symbol>
      <symbol id="sm-155">
         <name>_INT_Disable</name>
         <value>0x7d7</value>
         <object_component_ref idref="oc-36"/>
      </symbol>
      <symbol id="sm-156">
         <name>_INT_InstallHandler</name>
         <value>0x814</value>
         <object_component_ref idref="oc-36"/>
      </symbol>
      <symbol id="sm-157">
         <name>_SWDelayUsec</name>
         <value>0x893</value>
         <object_component_ref idref="oc-36"/>
      </symbol>
      <symbol id="sm-158">
         <name>_INT_DisableGlobal</name>
         <value>0x7f2</value>
         <object_component_ref idref="oc-36"/>
      </symbol>
      <symbol id="sm-159">
         <name>_PLL_Init</name>
         <value>0x6ea</value>
         <object_component_ref idref="oc-36"/>
      </symbol>
      <symbol id="sm-15a">
         <name>_SWDelayMsec</name>
         <value>0x8e0</value>
         <object_component_ref idref="oc-36"/>
      </symbol>
      <symbol id="sm-15b">
         <name>_INT_EnableGlobal</name>
         <value>0x7ee</value>
         <object_component_ref idref="oc-36"/>
      </symbol>
      <symbol id="sm-15c">
         <name>_INT_Enable</name>
         <value>0x7c2</value>
         <object_component_ref idref="oc-36"/>
      </symbol>
      <symbol id="sm-185">
         <name>no_isr</name>
         <value>0x2c50</value>
         <object_component_ref idref="oc-3c"/>
      </symbol>
      <symbol id="sm-186">
         <name>RSV</name>
         <value>0x8000</value>
         <object_component_ref idref="oc-3d"/>
      </symbol>
      <symbol id="sm-19b">
         <name>_acorr_bias</name>
         <value>0x1f0a</value>
         <object_component_ref idref="oc-41"/>
      </symbol>
      <symbol id="sm-1a7">
         <name>_add</name>
         <value>0x2a93</value>
         <object_component_ref idref="oc-45"/>
      </symbol>
      <symbol id="sm-1b8">
         <name>_acorr_raw</name>
         <value>0x22af</value>
         <object_component_ref idref="oc-49"/>
      </symbol>
      <symbol id="sm-1cc">
         <name>_atan2_16</name>
         <value>0x2585</value>
         <object_component_ref idref="oc-4d"/>
      </symbol>
      <symbol id="sm-1da">
         <name>_atan16</name>
         <value>0x2bcb</value>
         <object_component_ref idref="oc-52"/>
      </symbol>
      <symbol id="sm-1f6">
         <name>_acorr_unbias</name>
         <value>0x194f</value>
         <object_component_ref idref="oc-57"/>
      </symbol>
      <symbol id="sm-201">
         <name>_bexp</name>
         <value>0x2bf6</value>
         <object_component_ref idref="oc-5b"/>
      </symbol>
      <symbol id="sm-21e">
         <name>_corr_bias</name>
         <value>0x1144</value>
         <object_component_ref idref="oc-5f"/>
      </symbol>
      <symbol id="sm-237">
         <name>_cbrev</name>
         <value>0x2105</value>
         <object_component_ref idref="oc-63"/>
      </symbol>
      <symbol id="sm-24c">
         <name>_cbrev32</name>
         <value>0x2851</value>
         <object_component_ref idref="oc-67"/>
      </symbol>
      <symbol id="sm-262">
         <name>_cfft32_NOSCALE</name>
         <value>0x141a</value>
         <object_component_ref idref="oc-6b"/>
      </symbol>
      <symbol id="sm-282">
         <name>_cfft32_SCALE</name>
         <value>0xb74</value>
         <object_component_ref idref="oc-70"/>
      </symbol>
      <symbol id="sm-29a">
         <name>_cfft_NOSCALE</name>
         <value>0x12b3</value>
         <object_component_ref idref="oc-74"/>
      </symbol>
      <symbol id="sm-2bd">
         <name>_cfft_SCALE</name>
         <value>0xd6c</value>
         <object_component_ref idref="oc-79"/>
      </symbol>
      <symbol id="sm-2cc">
         <name>_ldiv16</name>
         <value>0x2429</value>
         <object_component_ref idref="oc-7e"/>
      </symbol>
      <symbol id="sm-2d9">
         <name>_log_10</name>
         <value>0x262e</value>
         <object_component_ref idref="oc-82"/>
      </symbol>
      <symbol id="sm-2e6">
         <name>_log_2</name>
         <value>0x24d9</value>
         <object_component_ref idref="oc-86"/>
      </symbol>
      <symbol id="sm-2f3">
         <name>_logn</name>
         <value>0x26d6</value>
         <object_component_ref idref="oc-8a"/>
      </symbol>
      <symbol id="sm-304">
         <name>_sqrt_16</name>
         <value>0x299c</value>
         <object_component_ref idref="oc-8e"/>
      </symbol>
      <symbol id="sm-305">
         <name>SqrtTable</name>
         <value>0xaa00</value>
         <object_component_ref idref="oc-8f"/>
      </symbol>
      <symbol id="sm-311">
         <name>_sub</name>
         <value>0x2ad8</value>
         <object_component_ref idref="oc-93"/>
      </symbol>
      <symbol id="sm-31d">
         <name>_unpack</name>
         <value>0xb022</value>
         <object_component_ref idref="oc-97"/>
      </symbol>
      <symbol id="sm-329">
         <name>_unpack32</name>
         <value>0x1bb8</value>
         <object_component_ref idref="oc-9b"/>
      </symbol>
      <symbol id="sm-335">
         <name>_unpacki</name>
         <value>0xb0d6</value>
         <object_component_ref idref="oc-9f"/>
      </symbol>
      <symbol id="sm-341">
         <name>_unpacki32</name>
         <value>0x1a91</value>
         <object_component_ref idref="oc-a3"/>
      </symbol>
      <symbol id="sm-345">
         <name>twiddle</name>
         <value>0xa200</value>
         <object_component_ref idref="oc-a7"/>
      </symbol>
      <symbol id="sm-351">
         <name>__sysstack</name>
         <value>0x2e48</value>
         <object_component_ref idref="oc-ff"/>
      </symbol>
      <symbol id="sm-352">
         <name>_c_int00</name>
         <value>0x2b97</value>
         <object_component_ref idref="oc-16"/>
      </symbol>
      <symbol id="sm-353">
         <name>__stack</name>
         <value>0x2c54</value>
         <object_component_ref idref="oc-a8"/>
      </symbol>
      <symbol id="sm-363">
         <name>C$$EXIT</name>
         <value>0x2c48</value>
         <object_component_ref idref="oc-b0"/>
      </symbol>
      <symbol id="sm-364">
         <name>_exit</name>
         <value>0x2b1d</value>
         <object_component_ref idref="oc-ac"/>
      </symbol>
      <symbol id="sm-365">
         <name>_abort</name>
         <value>0x2c47</value>
         <object_component_ref idref="oc-b0"/>
      </symbol>
      <symbol id="sm-366">
         <name>__cleanup_ptr</name>
         <value>0xb014</value>
         <object_component_ref idref="oc-ad"/>
      </symbol>
      <symbol id="sm-367">
         <name>__dtors_ptr</name>
         <value>0xb018</value>
         <object_component_ref idref="oc-ad"/>
      </symbol>
      <symbol id="sm-36f">
         <name>_far_poke_l</name>
         <value>0x23a8</value>
         <object_component_ref idref="oc-b3"/>
      </symbol>
      <symbol id="sm-370">
         <name>_near_far_memcpy</name>
         <value>0x2409</value>
         <object_component_ref idref="oc-b3"/>
      </symbol>
      <symbol id="sm-371">
         <name>_far_peek</name>
         <value>0x2370</value>
         <object_component_ref idref="oc-b3"/>
      </symbol>
      <symbol id="sm-372">
         <name>_far_near_memcpy</name>
         <value>0x23e9</value>
         <object_component_ref idref="oc-b3"/>
      </symbol>
      <symbol id="sm-373">
         <name>_far_peek_l</name>
         <value>0x2383</value>
         <object_component_ref idref="oc-b3"/>
      </symbol>
      <symbol id="sm-374">
         <name>_far_poke</name>
         <value>0x2396</value>
         <object_component_ref idref="oc-b3"/>
      </symbol>
      <symbol id="sm-375">
         <name>_far_memcpy</name>
         <value>0x23bb</value>
         <object_component_ref idref="oc-b3"/>
      </symbol>
      <symbol id="sm-37f">
         <name>__fixdli</name>
         <value>0x28c6</value>
         <object_component_ref idref="oc-b7"/>
      </symbol>
      <symbol id="sm-38b">
         <name>__fltlid</name>
         <value>0x2935</value>
         <object_component_ref idref="oc-bb"/>
      </symbol>
      <symbol id="sm-393">
         <name>__remi</name>
         <value>0x2b7a</value>
         <object_component_ref idref="oc-c0"/>
      </symbol>
      <symbol id="sm-394">
         <name>__divi</name>
         <value>0x2b5b</value>
         <object_component_ref idref="oc-c0"/>
      </symbol>
      <symbol id="sm-395">
         <name>I$$MOD</name>
         <value>0x2b7a</value>
         <object_component_ref idref="oc-c0"/>
      </symbol>
      <symbol id="sm-396">
         <name>I$$DIV</name>
         <value>0x2b5b</value>
         <object_component_ref idref="oc-c0"/>
      </symbol>
      <symbol id="sm-3a3">
         <name>_sqrt</name>
         <value>0x1df4</value>
         <object_component_ref idref="oc-c4"/>
      </symbol>
      <symbol id="sm-3ad">
         <name>__subd</name>
         <value>0x2c21</value>
         <object_component_ref idref="oc-c9"/>
      </symbol>
      <symbol id="sm-3b7">
         <name>_Reset</name>
         <value>0x3280</value>
         <object_component_ref idref="oc-ce"/>
      </symbol>
      <symbol id="sm-3c5">
         <name>__unlock</name>
         <value>0xb010</value>
         <object_component_ref idref="oc-d3"/>
      </symbol>
      <symbol id="sm-3c6">
         <name>__lock</name>
         <value>0xb00c</value>
         <object_component_ref idref="oc-d3"/>
      </symbol>
      <symbol id="sm-3c7">
         <name>__register_lock</name>
         <value>0x2c3d</value>
         <object_component_ref idref="oc-d2"/>
      </symbol>
      <symbol id="sm-3c8">
         <name>__nop</name>
         <value>0x2c45</value>
         <object_component_ref idref="oc-d2"/>
      </symbol>
      <symbol id="sm-3c9">
         <name>__register_unlock</name>
         <value>0x2c35</value>
         <object_component_ref idref="oc-d2"/>
      </symbol>
      <symbol id="sm-3d3">
         <name>__addd</name>
         <value>0x490</value>
         <object_component_ref idref="oc-d8"/>
      </symbol>
      <symbol id="sm-3dd">
         <name>__args_main</name>
         <value>0x2a48</value>
         <object_component_ref idref="oc-dc"/>
      </symbol>
      <symbol id="sm-3de">
         <name>__TI_args_main</name>
         <value>0x1</value>
      </symbol>
      <symbol id="sm-3e6">
         <name>_auto_init</name>
         <value>0x29fb</value>
         <object_component_ref idref="oc-e0"/>
      </symbol>
      <symbol id="sm-3f0">
         <name>__eqld</name>
         <value>0x10b8</value>
         <object_component_ref idref="oc-e4"/>
      </symbol>
      <symbol id="sm-3f1">
         <name>__cmpd</name>
         <value>0x10ec</value>
         <object_component_ref idref="oc-e4"/>
      </symbol>
      <symbol id="sm-3f2">
         <name>__neqd</name>
         <value>0xf5a</value>
         <object_component_ref idref="oc-e4"/>
      </symbol>
      <symbol id="sm-3f3">
         <name>__gtrd</name>
         <value>0x1023</value>
         <object_component_ref idref="oc-e4"/>
      </symbol>
      <symbol id="sm-3f4">
         <name>__geqd</name>
         <value>0x106e</value>
         <object_component_ref idref="oc-e4"/>
      </symbol>
      <symbol id="sm-3f5">
         <name>__leqd</name>
         <value>0xfd6</value>
         <object_component_ref idref="oc-e4"/>
      </symbol>
      <symbol id="sm-3f6">
         <name>__lssd</name>
         <value>0xf8e</value>
         <object_component_ref idref="oc-e4"/>
      </symbol>
      <symbol id="sm-400">
         <name>_errno</name>
         <value>0xb020</value>
         <object_component_ref idref="oc-e8"/>
      </symbol>
      <symbol id="sm-40c">
         <name>_frexp</name>
         <value>0x21e3</value>
         <object_component_ref idref="oc-ec"/>
      </symbol>
      <symbol id="sm-418">
         <name>_ldexp</name>
         <value>0x2013</value>
         <object_component_ref idref="oc-f1"/>
      </symbol>
      <symbol id="sm-422">
         <name>__mpyd</name>
         <value>0x16bb</value>
         <object_component_ref idref="oc-f6"/>
      </symbol>
      <symbol id="sm-42c">
         <name>__frcmpyd</name>
         <value>0x27db</value>
         <object_component_ref idref="oc-fa"/>
      </symbol>
      <symbol id="sm-430">
         <name>twiddle32</name>
         <value>0x8200</value>
         <object_component_ref idref="oc-fe"/>
      </symbol>
   </symbol_table>
</link_info>
