******************************************************************************
              TMS320C55x Linker PC v4.4.1                      
******************************************************************************
>> Linked Thu May 19 17:25:08 2022

OUTPUT FILE NAME:   <Final Prj.out>
ENTRY POINT SYMBOL: "_c_int00"  address: 0000341b


MEMORY CONFIGURATION

         name            origin    length      used     unused   attr    fill
                        (bytes)   (bytes)    (bytes)   (bytes)
----------------------  --------  ---------  --------  --------  ----  --------
  DARAM                 00000100   00007f00  000048ad  00003653  RWIX
  VECT                  00008000   00000100  00000100  00000000  RWIX
  DARAM2                00008200   00007f00  00003dff  00004101  RWIX
  SDRAM                 00040000   003e0000  00000000  003e0000  RWIX


SECTION ALLOCATION MAP
(Addresses surrounded by []'s are displayed for convenience only!)

output                                                          attributes/
section   page  orgn(bytes) orgn(words) len(bytes) len(words)   input sections
--------  ----  ----------- ----------- ---------- ----------   --------------
.pinit       0   [ 00000100 ]  00000080          *   00000000   UNINITIALIZED

.text        0     00000100  [ 00000080 ] 00003441          *   
                   00000100  [ 00000080 ] 0000040b          *   lcddisplay.obj (.text)
                   0000050b  [ 00000285+] 000003cc          *   rts55x.lib : divd.obj (.text)
                   000008d7  [ 0000046b+] 00000305          *   ICETEK-VC5509-EDU.obj (.text)
                   00000bdc  [ 000005ee ] 0000029e          *   aic23.obj (.text)
                   00000e7a  [ 0000073d ] 0000025a          *   rts55x.lib : addd.obj (.text)
                   000010d4  [ 0000086a ] 00000256          *   util.obj (.text)
                   0000132a  [ 00000995 ] 000001f8          *   cfft32_scale.obj (.text)
                   00001522  [ 00000a91 ] 000001f2          *   rts55x.lib : sin.obj (.text)
                   00001714  [ 00000b8a ] 000001ee          *   cfft_scale.obj (.text)
                   00001902  [ 00000c81 ] 000001ea          *   rts55x.lib : cmpd.obj (.text)
                   00001aec  [ 00000d76 ] 0000016f          *   cbias.obj (.text)
                   00001c5b  [ 00000e2d+] 00000167          *   cfft_noscale.obj (.text)
                   00001dc2  [ 00000ee1 ] 00000151          *   cfft32_noscale.obj (.text)
                   00001f13  [ 00000f89+] 0000014c          *   rts55x.lib : mpyd.obj (.text)
                   0000205f  [ 0000102f+] 00000148          *   i2c.obj (.text)
                   000021a7  [ 000010d3+] 00000142          *   aubias.obj (.text)
                   000022e9  [ 00001174+] 00000127          *   unpacki32.obj (.text:unpacki32)
                   00002410  [ 00001208 ] 00000125          *   unpack32.obj (.text:unpack32)
                   00002535  [ 0000129a+] 00000117          *   key.obj (.text:retain)
                   0000264c  [ 00001326 ] 00000109          *   abias.obj (.text)
                   00002755  [ 000013aa+] 000000de          *   cbrev.obj (.text:cbrev)
                   00002833  [ 00001419+] 000000c1          *   araw.obj (.text)
                   000028f4  [ 0000147a ] 000000bf          *   rts55x.lib : modf.obj (.text)
                   000029b3  [ 000014d9+] 000000b9          *              : extaddr.obj (.text)
                   00002a6c  [ 00001536 ] 000000b0          *   ldiv16.obj (.text)
                   00002b1c  [ 0000158e ] 000000ac          *   log_2.obj (.text)
                   00002bc8  [ 000015e4 ] 000000a9          *   arct2.obj (.text)
                   00002c71  [ 00001638+] 000000a8          *   log_10.obj (.text)
                   00002d19  [ 0000168c+] 0000009d          *   main.obj (.text)
                   00002db6  [ 000016db ] 00000091          *   key.obj (.text)
                   00002e47  [ 00001723+] 0000008c          *   logn.obj (.text)
                   00002ed3  [ 00001769+] 00000079          *   sdram_init.obj (.text)
                   00002f4c  [ 000017a6 ] 00000076          *   rts55x.lib : frcmpyd.obj (.text)
                   00002fc2  [ 000017e1 ] 00000075          *   cbrev32.obj (.text)
                   00003037  [ 0000181b+] 00000073          *   rts55x.lib : frcmpyd_div.obj (.text)
                   000030aa  [ 00001855 ] 0000006f          *              : fixdli.obj (.text)
                   00003119  [ 0000188c+] 00000067          *              : fltlid.obj (.text)
                   00003180  [ 000018c0 ] 0000005f          *              : round.obj (.text)
                   000031df  [ 000018ef+] 0000005f          *   sqrtv.obj (.text)
                   0000323e  [ 0000191f ] 0000004d          *   rts55x.lib : autoinit.obj (.text)
                   0000328b  [ 00001945+] 0000004b          *              : args_main.obj (.text)
                   000032d6  [ 0000196b ] 00000045          *   add.obj (.text)
                   0000331b  [ 0000198d+] 00000045          *   sub.obj (.text)
                   00003360  [ 000019b0 ] 00000041          *   rts55x.lib : trunc.obj (.text)
                   000033a1  [ 000019d0+] 0000003e          *              : exit.obj (.text)
                   000033df  [ 000019ef+] 0000003c          *              : idiv.obj (.text)
                   0000341b  [ 00001a0d+] 00000034          *              : boot.obj (.text)
                   0000344f  [ 00001a27+] 0000002b          *   atan16.obj (.text)
                   0000347a  [ 00001a3d ] 0000002b          *   bexp.obj (.text)
                   000034a5  [ 00001a52+] 0000002a          *   rts55x.lib : fixdi.obj (.text)
                   000034cf  [ 00001a67+] 00000014          *              : subd.obj (.text)
                   000034e3  [ 00001a71+] 00000013          *              : lmpy.obj (.text)
                   000034f6  [ 00001a7b ] 00000012          *              : _lock.obj (.text)
                   00003508  [ 00001a84 ] 00000011          *              : memset.obj (.text)
                   00003519  [ 00001a8c+] 00000010          *              : negd.obj (.text)
                   00003529  [ 00001a94+] 0000000c          *              : fltid.obj (.text)
                   00003535  [ 00001a9a+] 00000007          *              : exit.obj (.text:CIO_breakpoint)
                   0000353c  [ 00001a9e ] 00000002          *              : vectors.obj (.text)
                   0000353e  [ 00001a9f ] 00000002          *   vectors.obj (.text)
                   00003540  [ 00001aa0 ] 00000001          *   --HOLE-- [fill = 20]

.cinit       0   [ 00003542 ]  00001aa1          *   0000077a   
                 [ 00003542 ]  00001aa1          *   00000681   lcddisplay.obj (.cinit)
                 [ 00004244 ]  00002122          *   000000d1   ICETEK-VC5509-EDU.obj (.cinit)
                 [ 000043e6 ]  000021f3          *   0000000b   rts55x.lib : sin.obj (.cinit)
                 [ 000043fc ]  000021fe          *   0000000a              : _lock.obj (.cinit)
                 [ 00004410 ]  00002208          *   0000000a              : exit.obj (.cinit)
                 [ 00004424 ]  00002212          *   00000004   aic23.obj (.cinit)
                 [ 0000442c ]  00002216          *   00000004   key.obj (.cinit)
                 [ 00004434 ]  0000221a          *   00000001   --HOLE-- [fill = 0]

.stack       0   [ 00004438 ]  0000221c          *   000000fa   UNINITIALIZED
                 [ 00004438 ]  0000221c          *   000000fa   --HOLE--

.sysstack 
*            0   [ 0000462c ]  00002316          *   000000fa   UNINITIALIZED
                 [ 0000462c ]  00002316          *   000000fa   --HOLE--

.const       0   [ 00004820 ]  00002410          *   00000036   
                 [ 00004820 ]  00002410          *   00000014   rts55x.lib : sin.obj (.const)
                 [ 00004848 ]  00002424          *   00000008              : divd.obj (.const:_initial_approx$1)
                 [ 00004858 ]  0000242c          *   00000008              : round.obj (.const)
                 [ 00004868 ]  00002434          *   00000006   aic23.obj (.const)
                 [ 00004874 ]  0000243a          *   00000006   rts55x.lib : modf.obj (.const)
                 [ 00004880 ]  00002440          *   00000004              : trunc.obj (.const)
                 [ 00004888 ]  00002444          *   00000002              : fltlid.obj (.const)

.switch      0   [ 0000488c ]  00002446          *   00000012   
                 [ 0000488c ]  00002446          *   00000012   ICETEK-VC5509-EDU.obj (.switch:_ConvertScanToChar)

vectors      0     000048b0  [ 00002458 ] 00000100          *   
                   000048b0  [ 00002458 ] 00000100          *   rts55x.lib : vectors.obj (vectors)

.vectors     0     00008000  [ 00004000 ] 00000100          *   
                   00008000  [ 00004000 ] 00000100          *   vectors.obj (.vectors)

.data        0   [ 00008200 ]  00004100          *   00001418   
                 [ 00008200 ]  00004100          *   00001000   55xdspx.lib : twiddle32.obj (.data:twiddle32)
                 [ 0000a200 ]  00005100          *   00000400   twiddle.obj (.data:twiddle)
                 [ 0000aa00 ]  00005500          *   00000010   sqrtv.obj (.data)
                 [ 0000aa20 ]  00005510          *   00000005   arct2.obj (.data)
                 [ 0000aa2a ]  00005515          *   00000003   atan16.obj (.data)

.bss         0   [ 0000aa30 ]  00005518          *   00000a34   UNINITIALIZED
                 [ 0000aa30 ]  00005518          *   00000732   lcddisplay.obj (.bss)
                 [ 0000b894 ]  00005c4a          *   0000010c   aic23.obj (.bss)
                 [ 0000baac ]  00005d56          *   00000101   main.obj (.bss)
                 [ 0000bcae ]  00005e57          *   000000d3   ICETEK-VC5509-EDU.obj (.bss)
                 [ 0000be54 ]  00005f2a          *   00000008   rts55x.lib : sin.obj (.bss)
                 [ 0000be64 ]  00005f32          *   00000006   util.obj (.bss)
                 [ 0000be70 ]  00005f38          *   00000004   cfft_noscale.obj (.bss)
                 [ 0000be78 ]  00005f3c          *   00000004   cfft_scale.obj (.bss)
                 [ 0000be80 ]  00005f40          *   00000004   rts55x.lib : _lock.obj (.bss)
                 [ 0000be88 ]  00005f44          *   00000004              : exit.obj (.bss)
                 [ 0000be90 ]  00005f48          *   00000002   cfft32_noscale.obj (.bss)
                 [ 0000be94 ]  00005f4a          *   00000002   key.obj (.bss)

.fftcode     0     0000be98  [ 00005f4c ] 00000167          *   
                   0000be98  [ 00005f4c ] 000000b4          *   unpack.obj (.fftcode)
                   0000bf4c  [ 00005fa6 ] 000000b2          *   unpacki.obj (.fftcode)
                   0000bffe  [ 00005fff ] 00000001          *   --HOLE-- [fill = 20]


GLOBAL SYMBOLS: SORTED ALPHABETICALLY BY Name 

abs. value/
byte addr   word addr   name
---------   ---------   ----
00000002                $TI_capability$C5500$CallingConvention
00000002                $TI_capability$C5500$MemoryModel
00000001                $TI_capability_requires_rev2
            00005518    .bss
            00004100    .data
00000100                .text
00003536                C$$EXIT
000033df                I$$DIV
000034e3                I$$LMPY
000033fe                I$$MOD
00008000                RSV
            00005500    SqrtTable
00000cbd                _AIC23_Disable
00000c51                _AIC23_Init
00000d4b                _AIC23_Mixer
00000cd3                _AIC23_Mixer_Init
00000bdc                _AIC23_Write
000008d7                _CloseCTR
00000955                _ConvertScanToChar
00000a12                _Delay
00000a57                _Delay1
00002d77                _EnableAPLL
00000922                _GetKey
000020ae                _I2C_Disable
0000205f                _I2C_Init
00002139                _I2C_Read
000020c6                _I2C_Write
00002db6                _INTR_init
000011c1                _INT_Disable
000011dc                _INT_DisableGlobal
000011ac                _INT_Enable
000011d8                _INT_EnableGlobal
000011fe                _INT_InstallHandler
000011e0                _INT_SetVec
000009be                _InitCTR
00002dda                _Keyshift
00000b5a                _LCDCLS
0000090d                _LCDCMD
00000b23                _LCDWriteLeft
00000b38                _LCDWriteRight
00000bfb                _McBSP0_InitSlave
            00005e58    _PCR_1
000010d4                _PLL_Init
00000aa3                _RefreshLEDArray
000048b0                _Reset
00002ed3                _SDRAM_init
            00005e57    _SPCR21
000012ca                _SWDelayMsec
0000127d                _SWDelayUsec
00000ade                _SetLEDArray
0000035c                _ShowNum
00000243                _ShowPoint
00000190                _ShowSpace
0000043c                _Show_123
00000481                _Show_246
000004c6                _Show_369
00000b4d                _TurnOnLCD
            00005518    _Word
00002535                _XINT2
            00002316    __STACK_END
000001f4                __STACK_SIZE
000001f4                __SYSSTACK_SIZE
00000001                __TI_args_main
ffffffff                ___binit__
            00005518    ___bss__
ffffffff                ___c_args__
            00001aa1    ___cinit__
            00004100    ___data__
            00005518    ___edata__
            00005f4c    ___end__
00003541                ___etext__
ffffffff                ___pinit__
00000100                ___text__
00000e7a                __addd
0000328b                __args_main
            00005f44    __cleanup_ptr
00001a94                __cmpd
0000050b                __divd
000033df                __divi
            00005f46    __dtors_ptr
00001a60                __eqld
000034a5                __fixdi
000030aa                __fixdli
00003529                __fltid
00003119                __fltlid
00002f4c                __frcmpyd
00003037                __frcmpyd_div
00001a16                __geqd
000019cb                __gtrd
0000197e                __leqd
            00005f40    __lock
00001936                __lssd
00001f13                __mpyd
000034e3                __mpyli
00003519                __negd
00001902                __neqd
00003506                __nop
00003180                __nround
000034fe                __register_lock
000034f6                __register_unlock
000033fe                __remi
            0000221c    __stack
000034cf                __subd
            00002316    __sysstack
00003360                __trunc
            00005f42    __unlock
00003535                _abort
0000264c                _acorr_bias
00002833                _acorr_raw
000021a7                _acorr_unbias
000032d6                _add
0000344f                _atan16
00002bc8                _atan2_16
0000323e                _auto_init
            00005d54    _b
0000347a                _bexp
0000341b                _c_int00
00002755                _cbrev
00002fc2                _cbrev32
00001dc2                _cfft32_NOSCALE
0000132a                _cfft32_SCALE
00001c5b                _cfft_NOSCALE
00001714                _cfft_SCALE
            00005b08    _character
00001aec                _corr_bias
            00005e69    _dbClearKey
            00005f32    _dspclk
000033a1                _exit
000029fe                _far_memcpy
00002a2c                _far_near_memcpy
000029b3                _far_peek
000029c6                _far_peek_l
000029d9                _far_poke
000029eb                _far_poke_l
            00005d56    _final
000012f4                _firstbit
00000328                _full
            00005e56    _i
00000100                _lcdInit
00002a6c                _ldiv16
            00005e59    _ledbuf
            00005e6a    _ledkey
            00005c08    _ledpoint
            00005c10    _ledpoint2
            00005e61    _ledx
00002c71                _log_10
00002b1c                _log_2
00002e47                _logn
            00005c4a    _lpAudio
            00005c4e    _lpWork
            00005c50    _luWork
            00005c52    _luWork1
00002d19                _main
00003508                _memset
000028f4                _modf
            00005eba    _music
            00005c4d    _nWork
            00005f4b    _ncode
00002a4c                _near_far_memcpy
            00005c18    _number
            00005c4c    _pMCBSP0
00000166                _printleft
0000017b                _printright
            00005f22    _pwm
            00005c54    _sample
            00005f4a    _scanKey
0000014d                _setcolumn
00000127                _setpage
00001522                _sin
000031df                _sqrt_16
0000331b                _sub
0000be98                _unpack
00002410                _unpack32
0000bf4c                _unpacki
000022e9                _unpacki32
00002d55                _wait
            00005d55    _z
ffffffff                binit
            00001aa1    cinit
            00005518    edata
            00005f4c    end
00003541                etext
0000353e                no_isr
ffffffff                pinit
            00005100    twiddle
            00004100    twiddle32


GLOBAL SYMBOLS: SORTED BY Symbol Address 

abs. value/
byte addr   word addr   name
---------   ---------   ----
00000001                $TI_capability_requires_rev2
00000001                __TI_args_main
00000002                $TI_capability$C5500$CallingConvention
00000002                $TI_capability$C5500$MemoryModel
00000100                .text
00000100                ___text__
00000100                _lcdInit
00000127                _setpage
0000014d                _setcolumn
00000166                _printleft
0000017b                _printright
00000190                _ShowSpace
000001f4                __STACK_SIZE
000001f4                __SYSSTACK_SIZE
00000243                _ShowPoint
00000328                _full
0000035c                _ShowNum
0000043c                _Show_123
00000481                _Show_246
000004c6                _Show_369
0000050b                __divd
000008d7                _CloseCTR
0000090d                _LCDCMD
00000922                _GetKey
00000955                _ConvertScanToChar
000009be                _InitCTR
00000a12                _Delay
00000a57                _Delay1
00000aa3                _RefreshLEDArray
00000ade                _SetLEDArray
00000b23                _LCDWriteLeft
00000b38                _LCDWriteRight
00000b4d                _TurnOnLCD
00000b5a                _LCDCLS
00000bdc                _AIC23_Write
00000bfb                _McBSP0_InitSlave
00000c51                _AIC23_Init
00000cbd                _AIC23_Disable
00000cd3                _AIC23_Mixer_Init
00000d4b                _AIC23_Mixer
00000e7a                __addd
000010d4                _PLL_Init
000011ac                _INT_Enable
000011c1                _INT_Disable
000011d8                _INT_EnableGlobal
000011dc                _INT_DisableGlobal
000011e0                _INT_SetVec
000011fe                _INT_InstallHandler
0000127d                _SWDelayUsec
000012ca                _SWDelayMsec
000012f4                _firstbit
0000132a                _cfft32_SCALE
00001522                _sin
00001714                _cfft_SCALE
00001902                __neqd
00001936                __lssd
0000197e                __leqd
000019cb                __gtrd
00001a16                __geqd
00001a60                __eqld
00001a94                __cmpd
00001aec                _corr_bias
00001c5b                _cfft_NOSCALE
00001dc2                _cfft32_NOSCALE
00001f13                __mpyd
0000205f                _I2C_Init
000020ae                _I2C_Disable
000020c6                _I2C_Write
00002139                _I2C_Read
000021a7                _acorr_unbias
000022e9                _unpacki32
00002410                _unpack32
00002535                _XINT2
0000264c                _acorr_bias
00002755                _cbrev
00002833                _acorr_raw
000028f4                _modf
000029b3                _far_peek
000029c6                _far_peek_l
000029d9                _far_poke
000029eb                _far_poke_l
000029fe                _far_memcpy
00002a2c                _far_near_memcpy
00002a4c                _near_far_memcpy
00002a6c                _ldiv16
00002b1c                _log_2
00002bc8                _atan2_16
00002c71                _log_10
00002d19                _main
00002d55                _wait
00002d77                _EnableAPLL
00002db6                _INTR_init
00002dda                _Keyshift
00002e47                _logn
00002ed3                _SDRAM_init
00002f4c                __frcmpyd
00002fc2                _cbrev32
00003037                __frcmpyd_div
000030aa                __fixdli
00003119                __fltlid
00003180                __nround
000031df                _sqrt_16
0000323e                _auto_init
0000328b                __args_main
000032d6                _add
0000331b                _sub
00003360                __trunc
000033a1                _exit
000033df                I$$DIV
000033df                __divi
000033fe                I$$MOD
000033fe                __remi
0000341b                _c_int00
0000344f                _atan16
0000347a                _bexp
000034a5                __fixdi
000034cf                __subd
000034e3                I$$LMPY
000034e3                __mpyli
000034f6                __register_unlock
000034fe                __register_lock
00003506                __nop
00003508                _memset
00003519                __negd
00003529                __fltid
00003535                _abort
00003536                C$$EXIT
0000353e                no_isr
00003541                ___etext__
00003541                etext
            00001aa1    ___cinit__
            00001aa1    cinit
            0000221c    __stack
            00002316    __STACK_END
            00002316    __sysstack
000048b0                _Reset
00008000                RSV
            00004100    .data
            00004100    ___data__
            00004100    twiddle32
            00005100    twiddle
            00005500    SqrtTable
            00005518    .bss
            00005518    _Word
            00005518    ___bss__
            00005518    ___edata__
            00005518    edata
            00005b08    _character
            00005c08    _ledpoint
            00005c10    _ledpoint2
            00005c18    _number
            00005c4a    _lpAudio
            00005c4c    _pMCBSP0
            00005c4d    _nWork
            00005c4e    _lpWork
            00005c50    _luWork
            00005c52    _luWork1
            00005c54    _sample
            00005d54    _b
            00005d55    _z
            00005d56    _final
            00005e56    _i
            00005e57    _SPCR21
            00005e58    _PCR_1
            00005e59    _ledbuf
            00005e61    _ledx
            00005e69    _dbClearKey
            00005e6a    _ledkey
            00005eba    _music
            00005f22    _pwm
            00005f32    _dspclk
            00005f40    __lock
            00005f42    __unlock
            00005f44    __cleanup_ptr
            00005f46    __dtors_ptr
            00005f4a    _scanKey
            00005f4b    _ncode
            00005f4c    ___end__
0000be98                _unpack
            00005f4c    end
0000bf4c                _unpacki
ffffffff                ___binit__
ffffffff                ___c_args__
ffffffff                ___pinit__
ffffffff                binit
ffffffff                pinit

[186 symbols]
