******************************************************************************
              TMS320C55x Linker PC v4.4.1                      
******************************************************************************
>> Linked Tue May 10 18:49:51 2022

OUTPUT FILE NAME:   <Final Prj.out>
ENTRY POINT SYMBOL: "_c_int00"  address: 000026e4


MEMORY CONFIGURATION

         name            origin    length      used     unused   attr    fill
                        (bytes)   (bytes)    (bytes)   (bytes)
----------------------  --------  ---------  --------  --------  ----  --------
  DARAM                 00000100   00007f00  00002bfc  00005304  RWIX
  VECT                  00008000   00000100  00000000  00000100  RWIX
  DARAM2                00008200   00007f00  00002ddf  00005121  RWIX
  SDRAM                 00040000   003e0000  00000000  003e0000  RWIX


SECTION ALLOCATION MAP
(Addresses surrounded by []'s are displayed for convenience only!)

output                                                          attributes/
section   page  orgn(bytes) orgn(words) len(bytes) len(words)   input sections
--------  ----  ----------- ----------- ---------- ----------   --------------
.pinit       0   [ 00000100 ]  00000080          *   00000000   UNINITIALIZED

.text        0     00000100  [ 00000080 ] 0000269e          *   
                   00000100  [ 00000080 ] 0000025a          *   rts55x.lib : addd.obj (.text)
                   0000035a  [ 000001ad ] 00000256          *   util.obj (.text)
                   000005b0  [ 000002d8 ] 00000234          *   aic23.obj (.text)
                   000007e4  [ 000003f2 ] 000001f8          *   cfft32_scale.obj (.text)
                   000009dc  [ 000004ee ] 000001ee          *   cfft_scale.obj (.text)
                   00000bca  [ 000005e5 ] 000001ea          *   rts55x.lib : cmpd.obj (.text)
                   00000db4  [ 000006da ] 0000016f          *   cbias.obj (.text)
                   00000f23  [ 00000791+] 00000167          *   cfft_noscale.obj (.text)
                   0000108a  [ 00000845 ] 00000151          *   cfft32_noscale.obj (.text)
                   000011db  [ 000008ed+] 0000014c          *   rts55x.lib : mpyd.obj (.text)
                   00001327  [ 00000993+] 00000148          *   i2c.obj (.text)
                   0000146f  [ 00000a37+] 00000144          *   main.obj (.text)
                   000015b3  [ 00000ad9+] 00000142          *   aubias.obj (.text)
                   000016f5  [ 00000b7a+] 00000127          *   unpacki32.obj (.text:unpacki32)
                   0000181c  [ 00000c0e ] 00000125          *   unpack32.obj (.text:unpack32)
                   00001941  [ 00000ca0+] 00000116          *   rts55x.lib : sqrt.obj (.text)
                   00001a57  [ 00000d2b+] 00000109          *   abias.obj (.text)
                   00001b60  [ 00000db0 ] 000000f2          *   rts55x.lib : ldexp.obj (.text)
                   00001c52  [ 00000e29 ] 000000de          *   cbrev.obj (.text:cbrev)
                   00001d30  [ 00000e98 ] 000000cc          *   rts55x.lib : frexp.obj (.text)
                   00001dfc  [ 00000efe ] 000000c1          *   araw.obj (.text)
                   00001ebd  [ 00000f5e+] 000000b9          *   rts55x.lib : extaddr.obj (.text)
                   00001f76  [ 00000fbb ] 000000b0          *   ldiv16.obj (.text)
                   00002026  [ 00001013 ] 000000ac          *   log_2.obj (.text)
                   000020d2  [ 00001069 ] 000000a9          *   arct2.obj (.text)
                   0000217b  [ 000010bd+] 000000a8          *   log_10.obj (.text)
                   00002223  [ 00001111+] 0000008c          *   logn.obj (.text)
                   000022af  [ 00001157+] 00000079          *   sdram_init.obj (.text)
                   00002328  [ 00001194 ] 00000076          *   rts55x.lib : frcmpyd.obj (.text)
                   0000239e  [ 000011cf ] 00000075          *   cbrev32.obj (.text)
                   00002413  [ 00001209+] 0000006f          *   rts55x.lib : fixdli.obj (.text)
                   00002482  [ 00001241 ] 00000067          *              : fltlid.obj (.text)
                   000024e9  [ 00001274+] 0000005f          *   sqrtv.obj (.text)
                   00002548  [ 000012a4 ] 0000004d          *   rts55x.lib : autoinit.obj (.text)
                   00002595  [ 000012ca+] 0000004b          *              : args_main.obj (.text)
                   000025e0  [ 000012f0 ] 00000045          *   add.obj (.text)
                   00002625  [ 00001312+] 00000045          *   sub.obj (.text)
                   0000266a  [ 00001335 ] 0000003e          *   rts55x.lib : exit.obj (.text)
                   000026a8  [ 00001354 ] 0000003c          *              : idiv.obj (.text)
                   000026e4  [ 00001372 ] 00000034          *              : boot.obj (.text)
                   00002718  [ 0000138c ] 0000002b          *   atan16.obj (.text)
                   00002743  [ 000013a1+] 0000002b          *   bexp.obj (.text)
                   0000276e  [ 000013b7 ] 00000014          *   rts55x.lib : subd.obj (.text)
                   00002782  [ 000013c1 ] 00000012          *              : _lock.obj (.text)
                   00002794  [ 000013ca ] 00000007          *              : exit.obj (.text:CIO_breakpoint)
                   0000279b  [ 000013cd+] 00000002          *              : vectors.obj (.text)
                   0000279d  [ 000013ce ] 00000001          *   --HOLE-- [fill = 20]

.stack       0   [ 000027a0 ]  000013d0          *   000000fa   UNINITIALIZED
                 [ 000027a0 ]  000013d0          *   000000fa   --HOLE--

.sysstack 
*            0   [ 00002994 ]  000014ca          *   000000fa   UNINITIALIZED
                 [ 00002994 ]  000014ca          *   000000fa   --HOLE--

.const       0   [ 00002b88 ]  000015c4          *   0000001e   
                 [ 00002b88 ]  000015c4          *   0000000a   rts55x.lib : ldexp.obj (.const)
                 [ 00002b9c ]  000015ce          *   0000000a              : sqrt.obj (.const)
                 [ 00002bb0 ]  000015d8          *   00000008              : frexp.obj (.const)
                 [ 00002bc0 ]  000015e0          *   00000002              : fltlid.obj (.const)

.cinit       0   [ 00002bc4 ]  000015e2          *   0000001d   
                 [ 00002bc4 ]  000015e2          *   0000000a   rts55x.lib : _lock.obj (.cinit)
                 [ 00002bd8 ]  000015ec          *   0000000a              : exit.obj (.cinit)
                 [ 00002bec ]  000015f6          *   00000004   aic23.obj (.cinit)
                 [ 00002bf4 ]  000015fa          *   00000004   rts55x.lib : errno.obj (.cinit)
                 [ 00002bfc ]  000015fe          *   00000001   --HOLE-- [fill = 0]

vectors      0     00002c00  [ 00001600 ] 00000100          *   
                   00002c00  [ 00001600 ] 00000100          *   rts55x.lib : vectors.obj (vectors)

.data        0   [ 00008200 ]  00004100          *   00001418   
                 [ 00008200 ]  00004100          *   00001000   55xdspx.lib : twiddle32.obj (.data:twiddle32)
                 [ 0000a200 ]  00005100          *   00000400   twiddle.obj (.data:twiddle)
                 [ 0000aa00 ]  00005500          *   00000010   sqrtv.obj (.data)
                 [ 0000aa20 ]  00005510          *   00000005   arct2.obj (.data)
                 [ 0000aa2a ]  00005515          *   00000003   atan16.obj (.data)

.bss         0   [ 0000aa30 ]  00005518          *   00000224   UNINITIALIZED
                 [ 0000aa30 ]  00005518          *   0000010a   aic23.obj (.bss)
                 [ 0000ac44 ]  00005622          *   00000101   main.obj (.bss)
                 [ 0000ae46 ]  00005723          *   00000006   util.obj (.bss)
                 [ 0000ae52 ]  00005729          *   00000001   rts55x.lib : errno.obj (.bss)
                 [ 0000ae54 ]  0000572a          *   00000004   cfft_noscale.obj (.bss)
                 [ 0000ae5c ]  0000572e          *   00000004   cfft_scale.obj (.bss)
                 [ 0000ae64 ]  00005732          *   00000004   rts55x.lib : _lock.obj (.bss)
                 [ 0000ae6c ]  00005736          *   00000004              : exit.obj (.bss)
                 [ 0000ae74 ]  0000573a          *   00000002   cfft32_noscale.obj (.bss)

.fftcode     0     0000ae78  [ 0000573c ] 00000167          *   
                   0000ae78  [ 0000573c ] 000000b4          *   unpack.obj (.fftcode)
                   0000af2c  [ 00005796 ] 000000b2          *   unpacki.obj (.fftcode)
                   0000afde  [ 000057ef ] 00000001          *   --HOLE-- [fill = 20]


GLOBAL SYMBOLS: SORTED ALPHABETICALLY BY Name 

abs. value/
byte addr   word addr   name
---------   ---------   ----
00000002                $TI_capability$C5500$CallingConvention
00000002                $TI_capability$C5500$MemoryModel
00000001                $TI_capability_requires_rev2
            00005518    .bss
            00004100    .data
00000100                .text
00002795                C$$EXIT
000026a8                I$$DIV
000026c7                I$$MOD
            00005500    SqrtTable
00000691                _AIC23_Disable
00000625                _AIC23_Init
0000071f                _AIC23_Mixer
000006a7                _AIC23_Mixer_Init
000005b0                _AIC23_Write
00001574                _EnableAPLL
00001376                _I2C_Disable
00001327                _I2C_Init
00001401                _I2C_Read
0000138e                _I2C_Write
00000447                _INT_Disable
00000462                _INT_DisableGlobal
00000432                _INT_Enable
0000045e                _INT_EnableGlobal
00000484                _INT_InstallHandler
00000466                _INT_SetVec
000005cf                _McBSP0_InitSlave
0000035a                _PLL_Init
00002c00                _Reset
000022af                _SDRAM_init
00000550                _SWDelayMsec
00000503                _SWDelayUsec
            000014ca    __STACK_END
000001f4                __STACK_SIZE
000001f4                __SYSSTACK_SIZE
00000001                __TI_args_main
ffffffff                ___binit__
            00005518    ___bss__
ffffffff                ___c_args__
            000015e2    ___cinit__
            00004100    ___data__
            00005518    ___edata__
            0000573c    ___end__
0000279e                ___etext__
ffffffff                ___pinit__
00000100                ___text__
00000100                __addd
00002595                __args_main
            00005736    __cleanup_ptr
00000d5c                __cmpd
000026a8                __divi
            00005738    __dtors_ptr
00000d28                __eqld
00002413                __fixdli
00002482                __fltlid
00002328                __frcmpyd
00000cde                __geqd
00000c93                __gtrd
00000c46                __leqd
            00005732    __lock
00000bfe                __lssd
000011db                __mpyd
00000bca                __neqd
00002792                __nop
0000278a                __register_lock
00002782                __register_unlock
000026c7                __remi
            000013d0    __stack
0000276e                __subd
            000014ca    __sysstack
            00005734    __unlock
00002794                _abort
00001a57                _acorr_bias
00001dfc                _acorr_raw
000015b3                _acorr_unbias
000025e0                _add
00002718                _atan16
000020d2                _atan2_16
00002548                _auto_init
00002743                _bexp
000026e4                _c_int00
00001c52                _cbrev
0000239e                _cbrev32
0000108a                _cfft32_NOSCALE
000007e4                _cfft32_SCALE
00000f23                _cfft_NOSCALE
000009dc                _cfft_SCALE
00000db4                _corr_bias
            00005723    _dspclk
            00005729    _errno
0000266a                _exit
00001f08                _far_memcpy
00001f36                _far_near_memcpy
00001ebd                _far_peek
00001ed0                _far_peek_l
00001ee3                _far_poke
00001ef5                _far_poke_l
            00005622    _final
0000057a                _firstbit
00001d30                _frexp
            00005722    _i
00001b60                _ldexp
00001f76                _ldiv16
0000217b                _log_10
00002026                _log_2
00002223                _logn
            00005518    _lpAudio
            0000551c    _lpWork
            0000551e    _luWork
            00005520    _luWork1
0000146f                _main
            0000551b    _nWork
00001f56                _near_far_memcpy
            0000551a    _pMCBSP0
            00005522    _sample
00001941                _sqrt
000024e9                _sqrt_16
00002625                _sub
0000ae78                _unpack
0000181c                _unpack32
0000af2c                _unpacki
000016f5                _unpacki32
00001552                _wait
ffffffff                binit
            000015e2    cinit
            00005518    edata
            0000573c    end
0000279e                etext
ffffffff                pinit
            00005100    twiddle
            00004100    twiddle32


GLOBAL SYMBOLS: SORTED BY Symbol Address 

abs. value/
byte addr   word addr   name
---------   ---------   ----
00000001                $TI_capability_requires_rev2
00000001                __TI_args_main
00000002                $TI_capability$C5500$CallingConvention
00000002                $TI_capability$C5500$MemoryModel
00000100                .text
00000100                ___text__
00000100                __addd
000001f4                __STACK_SIZE
000001f4                __SYSSTACK_SIZE
0000035a                _PLL_Init
00000432                _INT_Enable
00000447                _INT_Disable
0000045e                _INT_EnableGlobal
00000462                _INT_DisableGlobal
00000466                _INT_SetVec
00000484                _INT_InstallHandler
00000503                _SWDelayUsec
00000550                _SWDelayMsec
0000057a                _firstbit
000005b0                _AIC23_Write
000005cf                _McBSP0_InitSlave
00000625                _AIC23_Init
00000691                _AIC23_Disable
000006a7                _AIC23_Mixer_Init
0000071f                _AIC23_Mixer
000007e4                _cfft32_SCALE
000009dc                _cfft_SCALE
00000bca                __neqd
00000bfe                __lssd
00000c46                __leqd
00000c93                __gtrd
00000cde                __geqd
00000d28                __eqld
00000d5c                __cmpd
00000db4                _corr_bias
00000f23                _cfft_NOSCALE
0000108a                _cfft32_NOSCALE
000011db                __mpyd
00001327                _I2C_Init
00001376                _I2C_Disable
0000138e                _I2C_Write
00001401                _I2C_Read
0000146f                _main
00001552                _wait
00001574                _EnableAPLL
000015b3                _acorr_unbias
000016f5                _unpacki32
0000181c                _unpack32
00001941                _sqrt
00001a57                _acorr_bias
00001b60                _ldexp
00001c52                _cbrev
00001d30                _frexp
00001dfc                _acorr_raw
00001ebd                _far_peek
00001ed0                _far_peek_l
00001ee3                _far_poke
00001ef5                _far_poke_l
00001f08                _far_memcpy
00001f36                _far_near_memcpy
00001f56                _near_far_memcpy
00001f76                _ldiv16
00002026                _log_2
000020d2                _atan2_16
0000217b                _log_10
00002223                _logn
000022af                _SDRAM_init
00002328                __frcmpyd
0000239e                _cbrev32
00002413                __fixdli
00002482                __fltlid
000024e9                _sqrt_16
00002548                _auto_init
00002595                __args_main
000025e0                _add
00002625                _sub
0000266a                _exit
000026a8                I$$DIV
000026a8                __divi
000026c7                I$$MOD
000026c7                __remi
000026e4                _c_int00
00002718                _atan16
00002743                _bexp
0000276e                __subd
00002782                __register_unlock
0000278a                __register_lock
00002792                __nop
00002794                _abort
00002795                C$$EXIT
0000279e                ___etext__
0000279e                etext
            000013d0    __stack
            000014ca    __STACK_END
            000014ca    __sysstack
            000015e2    ___cinit__
            000015e2    cinit
00002c00                _Reset
            00004100    .data
            00004100    ___data__
            00004100    twiddle32
            00005100    twiddle
            00005500    SqrtTable
            00005518    .bss
            00005518    ___bss__
            00005518    ___edata__
            00005518    _lpAudio
            00005518    edata
            0000551a    _pMCBSP0
            0000551b    _nWork
            0000551c    _lpWork
            0000551e    _luWork
            00005520    _luWork1
            00005522    _sample
            00005622    _final
            00005722    _i
            00005723    _dspclk
            00005729    _errno
            00005732    __lock
            00005734    __unlock
            00005736    __cleanup_ptr
            00005738    __dtors_ptr
            0000573c    ___end__
0000ae78                _unpack
            0000573c    end
0000af2c                _unpacki
ffffffff                ___binit__
ffffffff                ___c_args__
ffffffff                ___pinit__
ffffffff                binit
ffffffff                pinit

[131 symbols]
